<?xml version="1.0"?>
<link_info>
   <banner>TI ARM Linker PC v15.12.0.LTS</banner>
   <copyright>Copyright (c) 1996-2015 Texas Instruments Incorporated</copyright>
   <link_time>0x56d212ed</link_time>
   <link_errors>0x0</link_errors>
   <output_file>test.out</output_file>
   <entry_point>
      <name>_c_int00</name>
      <address>0x7b75</address>
   </entry_point>
   <input_file_list>
      <input_file id="fl-2">
         <path>.\</path>
         <kind>object</kind>
         <file>main.obj</file>
         <name>main.obj</name>
      </input_file>
      <input_file id="fl-3">
         <path>.\</path>
         <kind>object</kind>
         <file>msp432_startup_ccs.obj</file>
         <name>msp432_startup_ccs.obj</name>
      </input_file>
      <input_file id="fl-4">
         <path>.\</path>
         <kind>object</kind>
         <file>printfOverride.obj</file>
         <name>printfOverride.obj</name>
      </input_file>
      <input_file id="fl-5">
         <path>.\utils\</path>
         <kind>object</kind>
         <file>cmdline.obj</file>
         <name>cmdline.obj</name>
      </input_file>
      <input_file id="fl-6">
         <path>.\third_party\fatfs\src\option\</path>
         <kind>object</kind>
         <file>syscall.obj</file>
         <name>syscall.obj</name>
      </input_file>
      <input_file id="fl-7">
         <path>.\third_party\fatfs\src\option\</path>
         <kind>object</kind>
         <file>unicode.obj</file>
         <name>unicode.obj</name>
      </input_file>
      <input_file id="fl-8">
         <path>.\third_party\fatfs\src\</path>
         <kind>object</kind>
         <file>ff.obj</file>
         <name>ff.obj</name>
      </input_file>
      <input_file id="fl-9">
         <path>.\third_party\fatfs\port\</path>
         <kind>object</kind>
         <file>mmc-msp432P401r.obj</file>
         <name>mmc-msp432P401r.obj</name>
      </input_file>
      <input_file id="fl-a">
         <path>.\driverlib\MSP432P4xx\</path>
         <kind>object</kind>
         <file>adc14.obj</file>
         <name>adc14.obj</name>
      </input_file>
      <input_file id="fl-b">
         <path>.\driverlib\MSP432P4xx\</path>
         <kind>object</kind>
         <file>aes256.obj</file>
         <name>aes256.obj</name>
      </input_file>
      <input_file id="fl-c">
         <path>.\driverlib\MSP432P4xx\</path>
         <kind>object</kind>
         <file>comp_e.obj</file>
         <name>comp_e.obj</name>
      </input_file>
      <input_file id="fl-d">
         <path>.\driverlib\MSP432P4xx\</path>
         <kind>object</kind>
         <file>cpu.obj</file>
         <name>cpu.obj</name>
      </input_file>
      <input_file id="fl-e">
         <path>.\driverlib\MSP432P4xx\</path>
         <kind>object</kind>
         <file>crc32.obj</file>
         <name>crc32.obj</name>
      </input_file>
      <input_file id="fl-f">
         <path>.\driverlib\MSP432P4xx\</path>
         <kind>object</kind>
         <file>cs.obj</file>
         <name>cs.obj</name>
      </input_file>
      <input_file id="fl-10">
         <path>.\driverlib\MSP432P4xx\</path>
         <kind>object</kind>
         <file>dma.obj</file>
         <name>dma.obj</name>
      </input_file>
      <input_file id="fl-11">
         <path>.\driverlib\MSP432P4xx\</path>
         <kind>object</kind>
         <file>flash.obj</file>
         <name>flash.obj</name>
      </input_file>
      <input_file id="fl-12">
         <path>.\driverlib\MSP432P4xx\</path>
         <kind>object</kind>
         <file>fpu.obj</file>
         <name>fpu.obj</name>
      </input_file>
      <input_file id="fl-13">
         <path>.\driverlib\MSP432P4xx\</path>
         <kind>object</kind>
         <file>gpio.obj</file>
         <name>gpio.obj</name>
      </input_file>
      <input_file id="fl-14">
         <path>.\driverlib\MSP432P4xx\</path>
         <kind>object</kind>
         <file>i2c.obj</file>
         <name>i2c.obj</name>
      </input_file>
      <input_file id="fl-15">
         <path>.\driverlib\MSP432P4xx\</path>
         <kind>object</kind>
         <file>interrupt.obj</file>
         <name>interrupt.obj</name>
      </input_file>
      <input_file id="fl-16">
         <path>.\driverlib\MSP432P4xx\</path>
         <kind>object</kind>
         <file>mpu.obj</file>
         <name>mpu.obj</name>
      </input_file>
      <input_file id="fl-17">
         <path>.\driverlib\MSP432P4xx\</path>
         <kind>object</kind>
         <file>pcm.obj</file>
         <name>pcm.obj</name>
      </input_file>
      <input_file id="fl-18">
         <path>.\driverlib\MSP432P4xx\</path>
         <kind>object</kind>
         <file>pmap.obj</file>
         <name>pmap.obj</name>
      </input_file>
      <input_file id="fl-19">
         <path>.\driverlib\MSP432P4xx\</path>
         <kind>object</kind>
         <file>pss.obj</file>
         <name>pss.obj</name>
      </input_file>
      <input_file id="fl-1a">
         <path>.\driverlib\MSP432P4xx\</path>
         <kind>object</kind>
         <file>ref_a.obj</file>
         <name>ref_a.obj</name>
      </input_file>
      <input_file id="fl-1b">
         <path>.\driverlib\MSP432P4xx\</path>
         <kind>object</kind>
         <file>reset.obj</file>
         <name>reset.obj</name>
      </input_file>
      <input_file id="fl-1c">
         <path>.\driverlib\MSP432P4xx\</path>
         <kind>object</kind>
         <file>rtc_c.obj</file>
         <name>rtc_c.obj</name>
      </input_file>
      <input_file id="fl-1d">
         <path>.\driverlib\MSP432P4xx\</path>
         <kind>object</kind>
         <file>spi.obj</file>
         <name>spi.obj</name>
      </input_file>
      <input_file id="fl-1e">
         <path>.\driverlib\MSP432P4xx\</path>
         <kind>object</kind>
         <file>sysctl.obj</file>
         <name>sysctl.obj</name>
      </input_file>
      <input_file id="fl-1f">
         <path>.\driverlib\MSP432P4xx\</path>
         <kind>object</kind>
         <file>systick.obj</file>
         <name>systick.obj</name>
      </input_file>
      <input_file id="fl-20">
         <path>.\driverlib\MSP432P4xx\</path>
         <kind>object</kind>
         <file>timer32.obj</file>
         <name>timer32.obj</name>
      </input_file>
      <input_file id="fl-21">
         <path>.\driverlib\MSP432P4xx\</path>
         <kind>object</kind>
         <file>timer_a.obj</file>
         <name>timer_a.obj</name>
      </input_file>
      <input_file id="fl-22">
         <path>.\driverlib\MSP432P4xx\</path>
         <kind>object</kind>
         <file>uart.obj</file>
         <name>uart.obj</name>
      </input_file>
      <input_file id="fl-23">
         <path>.\driverlib\MSP432P4xx\</path>
         <kind>object</kind>
         <file>wdt_a.obj</file>
         <name>wdt_a.obj</name>
      </input_file>
      <input_file id="fl-de">
         <path>C:\ti\ccsv6\tools\compiler\ti-cgt-arm_15.12.0.LTS\lib\</path>
         <kind>archive</kind>
         <file>rtsv7M4_T_le_v4SPD16_eabi.lib</file>
         <name>boot.obj</name>
      </input_file>
      <input_file id="fl-df">
         <path>C:\ti\ccsv6\tools\compiler\ti-cgt-arm_15.12.0.LTS\lib\</path>
         <kind>archive</kind>
         <file>rtsv7M4_T_le_v4SPD16_eabi.lib</file>
         <name>copy_decompress_none.obj</name>
      </input_file>
      <input_file id="fl-e0">
         <path>C:\ti\ccsv6\tools\compiler\ti-cgt-arm_15.12.0.LTS\lib\</path>
         <kind>archive</kind>
         <file>rtsv7M4_T_le_v4SPD16_eabi.lib</file>
         <name>copy_decompress_rle.obj</name>
      </input_file>
      <input_file id="fl-e1">
         <path>C:\ti\ccsv6\tools\compiler\ti-cgt-arm_15.12.0.LTS\lib\</path>
         <kind>archive</kind>
         <file>rtsv7M4_T_le_v4SPD16_eabi.lib</file>
         <name>copy_zero_init.obj</name>
      </input_file>
      <input_file id="fl-e2">
         <path>C:\ti\ccsv6\tools\compiler\ti-cgt-arm_15.12.0.LTS\lib\</path>
         <kind>archive</kind>
         <file>rtsv7M4_T_le_v4SPD16_eabi.lib</file>
         <name>exit.obj</name>
      </input_file>
      <input_file id="fl-e3">
         <path>C:\ti\ccsv6\tools\compiler\ti-cgt-arm_15.12.0.LTS\lib\</path>
         <kind>archive</kind>
         <file>rtsv7M4_T_le_v4SPD16_eabi.lib</file>
         <name>memcpy_t2.obj</name>
      </input_file>
      <input_file id="fl-e4">
         <path>C:\ti\ccsv6\tools\compiler\ti-cgt-arm_15.12.0.LTS\lib\</path>
         <kind>archive</kind>
         <file>rtsv7M4_T_le_v4SPD16_eabi.lib</file>
         <name>memset_t2.obj</name>
      </input_file>
      <input_file id="fl-e5">
         <path>C:\ti\ccsv6\tools\compiler\ti-cgt-arm_15.12.0.LTS\lib\</path>
         <kind>archive</kind>
         <file>rtsv7M4_T_le_v4SPD16_eabi.lib</file>
         <name>mpu_init.obj</name>
      </input_file>
      <input_file id="fl-e6">
         <path>C:\ti\ccsv6\tools\compiler\ti-cgt-arm_15.12.0.LTS\lib\</path>
         <kind>archive</kind>
         <file>rtsv7M4_T_le_v4SPD16_eabi.lib</file>
         <name>pre_init.obj</name>
      </input_file>
      <input_file id="fl-e7">
         <path>C:\ti\ccsv6\tools\compiler\ti-cgt-arm_15.12.0.LTS\lib\</path>
         <kind>archive</kind>
         <file>rtsv7M4_T_le_v4SPD16_eabi.lib</file>
         <name>printf.obj</name>
      </input_file>
      <input_file id="fl-e8">
         <path>C:\ti\ccsv6\tools\compiler\ti-cgt-arm_15.12.0.LTS\lib\</path>
         <kind>archive</kind>
         <file>rtsv7M4_T_le_v4SPD16_eabi.lib</file>
         <name>stkdepth_vars.obj</name>
      </input_file>
      <input_file id="fl-e9">
         <path>C:\ti\ccsv6\tools\compiler\ti-cgt-arm_15.12.0.LTS\lib\</path>
         <kind>archive</kind>
         <file>rtsv7M4_T_le_v4SPD16_eabi.lib</file>
         <name>strcat.obj</name>
      </input_file>
      <input_file id="fl-ea">
         <path>C:\ti\ccsv6\tools\compiler\ti-cgt-arm_15.12.0.LTS\lib\</path>
         <kind>archive</kind>
         <file>rtsv7M4_T_le_v4SPD16_eabi.lib</file>
         <name>strcmp.obj</name>
      </input_file>
      <input_file id="fl-eb">
         <path>C:\ti\ccsv6\tools\compiler\ti-cgt-arm_15.12.0.LTS\lib\</path>
         <kind>archive</kind>
         <file>rtsv7M4_T_le_v4SPD16_eabi.lib</file>
         <name>strcpy.obj</name>
      </input_file>
      <input_file id="fl-ec">
         <path>C:\ti\ccsv6\tools\compiler\ti-cgt-arm_15.12.0.LTS\lib\</path>
         <kind>archive</kind>
         <file>rtsv7M4_T_le_v4SPD16_eabi.lib</file>
         <name>strlen.obj</name>
      </input_file>
      <input_file id="fl-ed">
         <path>C:\ti\ccsv6\tools\compiler\ti-cgt-arm_15.12.0.LTS\lib\</path>
         <kind>archive</kind>
         <file>rtsv7M4_T_le_v4SPD16_eabi.lib</file>
         <name>strncpy.obj</name>
      </input_file>
      <input_file id="fl-ee">
         <path>C:\ti\ccsv6\tools\compiler\ti-cgt-arm_15.12.0.LTS\lib\</path>
         <kind>archive</kind>
         <file>rtsv7M4_T_le_v4SPD16_eabi.lib</file>
         <name>_lock.obj</name>
      </input_file>
      <input_file id="fl-ef">
         <path>C:\ti\ccsv6\tools\compiler\ti-cgt-arm_15.12.0.LTS\lib\</path>
         <kind>archive</kind>
         <file>rtsv7M4_T_le_v4SPD16_eabi.lib</file>
         <name>_printfi.obj</name>
      </input_file>
      <input_file id="fl-f0">
         <path>C:\ti\ccsv6\tools\compiler\ti-cgt-arm_15.12.0.LTS\lib\</path>
         <kind>archive</kind>
         <file>rtsv7M4_T_le_v4SPD16_eabi.lib</file>
         <name>args_main.obj</name>
      </input_file>
      <input_file id="fl-f1">
         <path>C:\ti\ccsv6\tools\compiler\ti-cgt-arm_15.12.0.LTS\lib\</path>
         <kind>archive</kind>
         <file>rtsv7M4_T_le_v4SPD16_eabi.lib</file>
         <name>atoi.obj</name>
      </input_file>
      <input_file id="fl-f2">
         <path>C:\ti\ccsv6\tools\compiler\ti-cgt-arm_15.12.0.LTS\lib\</path>
         <kind>archive</kind>
         <file>rtsv7M4_T_le_v4SPD16_eabi.lib</file>
         <name>autoinit.obj</name>
      </input_file>
      <input_file id="fl-f3">
         <path>C:\ti\ccsv6\tools\compiler\ti-cgt-arm_15.12.0.LTS\lib\</path>
         <kind>archive</kind>
         <file>rtsv7M4_T_le_v4SPD16_eabi.lib</file>
         <name>cpy_tbl.obj</name>
      </input_file>
      <input_file id="fl-f4">
         <path>C:\ti\ccsv6\tools\compiler\ti-cgt-arm_15.12.0.LTS\lib\</path>
         <kind>archive</kind>
         <file>rtsv7M4_T_le_v4SPD16_eabi.lib</file>
         <name>ctype.obj</name>
      </input_file>
      <input_file id="fl-f5">
         <path>C:\ti\ccsv6\tools\compiler\ti-cgt-arm_15.12.0.LTS\lib\</path>
         <kind>archive</kind>
         <file>rtsv7M4_T_le_v4SPD16_eabi.lib</file>
         <name>defs.obj</name>
      </input_file>
      <input_file id="fl-f6">
         <path>C:\ti\ccsv6\tools\compiler\ti-cgt-arm_15.12.0.LTS\lib\</path>
         <kind>archive</kind>
         <file>rtsv7M4_T_le_v4SPD16_eabi.lib</file>
         <name>fd_add_t2.obj</name>
      </input_file>
      <input_file id="fl-f7">
         <path>C:\ti\ccsv6\tools\compiler\ti-cgt-arm_15.12.0.LTS\lib\</path>
         <kind>archive</kind>
         <file>rtsv7M4_T_le_v4SPD16_eabi.lib</file>
         <name>fd_cmp_t2.obj</name>
      </input_file>
      <input_file id="fl-f8">
         <path>C:\ti\ccsv6\tools\compiler\ti-cgt-arm_15.12.0.LTS\lib\</path>
         <kind>archive</kind>
         <file>rtsv7M4_T_le_v4SPD16_eabi.lib</file>
         <name>fd_div_t2.obj</name>
      </input_file>
      <input_file id="fl-f9">
         <path>C:\ti\ccsv6\tools\compiler\ti-cgt-arm_15.12.0.LTS\lib\</path>
         <kind>archive</kind>
         <file>rtsv7M4_T_le_v4SPD16_eabi.lib</file>
         <name>fd_mul_t2.obj</name>
      </input_file>
      <input_file id="fl-fa">
         <path>C:\ti\ccsv6\tools\compiler\ti-cgt-arm_15.12.0.LTS\lib\</path>
         <kind>archive</kind>
         <file>rtsv7M4_T_le_v4SPD16_eabi.lib</file>
         <name>fd_toi_t2.obj</name>
      </input_file>
      <input_file id="fl-fb">
         <path>C:\ti\ccsv6\tools\compiler\ti-cgt-arm_15.12.0.LTS\lib\</path>
         <kind>archive</kind>
         <file>rtsv7M4_T_le_v4SPD16_eabi.lib</file>
         <name>i_tofd_t2.obj</name>
      </input_file>
      <input_file id="fl-fc">
         <path>C:\ti\ccsv6\tools\compiler\ti-cgt-arm_15.12.0.LTS\lib\</path>
         <kind>archive</kind>
         <file>rtsv7M4_T_le_v4SPD16_eabi.lib</file>
         <name>ltoa.obj</name>
      </input_file>
      <input_file id="fl-fd">
         <path>C:\ti\ccsv6\tools\compiler\ti-cgt-arm_15.12.0.LTS\lib\</path>
         <kind>archive</kind>
         <file>rtsv7M4_T_le_v4SPD16_eabi.lib</file>
         <name>memccpy.obj</name>
      </input_file>
      <input_file id="fl-fe">
         <path>C:\ti\ccsv6\tools\compiler\ti-cgt-arm_15.12.0.LTS\lib\</path>
         <kind>archive</kind>
         <file>rtsv7M4_T_le_v4SPD16_eabi.lib</file>
         <name>s_frexp.obj</name>
      </input_file>
      <input_file id="fl-ff">
         <path>C:\ti\ccsv6\tools\compiler\ti-cgt-arm_15.12.0.LTS\lib\</path>
         <kind>archive</kind>
         <file>rtsv7M4_T_le_v4SPD16_eabi.lib</file>
         <name>s_scalbn.obj</name>
      </input_file>
      <input_file id="fl-100">
         <path>C:\ti\ccsv6\tools\compiler\ti-cgt-arm_15.12.0.LTS\lib\</path>
         <kind>archive</kind>
         <file>rtsv7M4_T_le_v4SPD16_eabi.lib</file>
         <name>startup.obj</name>
      </input_file>
      <input_file id="fl-101">
         <path>C:\ti\ccsv6\tools\compiler\ti-cgt-arm_15.12.0.LTS\lib\</path>
         <kind>archive</kind>
         <file>rtsv7M4_T_le_v4SPD16_eabi.lib</file>
         <name>strchr.obj</name>
      </input_file>
      <input_file id="fl-102">
         <path>C:\ti\ccsv6\tools\compiler\ti-cgt-arm_15.12.0.LTS\lib\</path>
         <kind>archive</kind>
         <file>rtsv7M4_T_le_v4SPD16_eabi.lib</file>
         <name>ull_div_t2.obj</name>
      </input_file>
      <input_file id="fl-103">
         <path>C:\ti\ccsv6\tools\compiler\ti-cgt-arm_15.12.0.LTS\lib\</path>
         <kind>archive</kind>
         <file>rtsv7M4_T_le_v4SPD16_eabi.lib</file>
         <name>errno.obj</name>
      </input_file>
      <input_file id="fl-104">
         <path>C:\ti\ccsv6\tools\compiler\ti-cgt-arm_15.12.0.LTS\lib\</path>
         <kind>archive</kind>
         <file>rtsv7M4_T_le_v4SPD16_eabi.lib</file>
         <name>s_copysign.obj</name>
      </input_file>
   </input_file_list>
   <object_component_list>
      <object_component id="oc-2a">
         <name>.intvecs:retain</name>
         <load_address>0x0</load_address>
         <run_address>0x0</run_address>
         <size>0x144</size>
         <input_file_ref idref="fl-3"/>
      </object_component>
      <object_component id="oc-ed">
         <name>.text</name>
         <load_address>0x144</load_address>
         <run_address>0x144</run_address>
         <size>0x2a18</size>
         <input_file_ref idref="fl-8"/>
      </object_component>
      <object_component id="oc-196">
         <name>.text</name>
         <load_address>0x2b5c</load_address>
         <run_address>0x2b5c</run_address>
         <size>0x1110</size>
         <input_file_ref idref="fl-ef"/>
      </object_component>
      <object_component id="oc-db">
         <name>.text</name>
         <load_address>0x3c6c</load_address>
         <run_address>0x3c6c</run_address>
         <size>0xb58</size>
         <input_file_ref idref="fl-f"/>
      </object_component>
      <object_component id="oc-c0">
         <name>.text</name>
         <load_address>0x47c4</load_address>
         <run_address>0x47c4</run_address>
         <size>0x890</size>
         <input_file_ref idref="fl-1d"/>
      </object_component>
      <object_component id="oc-c6">
         <name>.text</name>
         <load_address>0x5054</load_address>
         <run_address>0x5054</run_address>
         <size>0x880</size>
         <input_file_ref idref="fl-9"/>
      </object_component>
      <object_component id="oc-7b">
         <name>.text</name>
         <load_address>0x58d4</load_address>
         <run_address>0x58d4</run_address>
         <size>0x808</size>
         <input_file_ref idref="fl-2"/>
      </object_component>
      <object_component id="oc-ba">
         <name>.text</name>
         <load_address>0x60dc</load_address>
         <run_address>0x60dc</run_address>
         <size>0x488</size>
         <input_file_ref idref="fl-13"/>
      </object_component>
      <object_component id="oc-d2">
         <name>.text</name>
         <load_address>0x6564</load_address>
         <run_address>0x6564</run_address>
         <size>0x42c</size>
         <input_file_ref idref="fl-22"/>
      </object_component>
      <object_component id="oc-e1">
         <name>.text</name>
         <load_address>0x6990</load_address>
         <run_address>0x6990</run_address>
         <size>0x3f0</size>
         <input_file_ref idref="fl-15"/>
      </object_component>
      <object_component id="oc-23c">
         <name>.text</name>
         <load_address>0x6d80</load_address>
         <run_address>0x6d80</run_address>
         <size>0x1f4</size>
         <input_file_ref idref="fl-102"/>
      </object_component>
      <object_component id="oc-1ae">
         <name>.text</name>
         <load_address>0x6f74</load_address>
         <run_address>0x6f74</run_address>
         <size>0x1d0</size>
         <input_file_ref idref="fl-1e"/>
      </object_component>
      <object_component id="oc-265">
         <name>.text</name>
         <load_address>0x7144</load_address>
         <run_address>0x7144</run_address>
         <size>0x1b6</size>
         <input_file_ref idref="fl-f6"/>
      </object_component>
      <object_component id="oc-24b">
         <name>.text</name>
         <load_address>0x72fa</load_address>
         <run_address>0x72fa</run_address>
         <size>0x136</size>
         <input_file_ref idref="fl-f8"/>
      </object_component>
      <object_component id="oc-246">
         <name>.text</name>
         <load_address>0x7430</load_address>
         <run_address>0x7430</run_address>
         <size>0xfc</size>
         <input_file_ref idref="fl-f9"/>
      </object_component>
      <object_component id="oc-270">
         <name>.text</name>
         <load_address>0x752c</load_address>
         <run_address>0x752c</run_address>
         <size>0xfc</size>
         <input_file_ref idref="fl-ff"/>
      </object_component>
      <object_component id="oc-f9">
         <name>.text</name>
         <load_address>0x7628</load_address>
         <run_address>0x7628</run_address>
         <size>0xac</size>
         <input_file_ref idref="fl-5"/>
      </object_component>
      <object_component id="oc-2e">
         <name>.text</name>
         <load_address>0x76d4</load_address>
         <run_address>0x76d4</run_address>
         <size>0x9c</size>
         <input_file_ref idref="fl-e3"/>
      </object_component>
      <object_component id="oc-241">
         <name>.text:__aeabi_cdcmple</name>
         <load_address>0x7770</load_address>
         <run_address>0x7770</run_address>
         <size>0x86</size>
         <input_file_ref idref="fl-f7"/>
      </object_component>
      <object_component id="oc-250">
         <name>.text:__aeabi_cdrcmple</name>
         <load_address>0x77f6</load_address>
         <run_address>0x77f6</run_address>
         <size>0x86</size>
         <input_file_ref idref="fl-f7"/>
      </object_component>
      <object_component id="oc-47">
         <name>.text</name>
         <load_address>0x787c</load_address>
         <run_address>0x787c</run_address>
         <size>0x7a</size>
         <input_file_ref idref="fl-e4"/>
      </object_component>
      <object_component id="oc-53">
         <name>.text</name>
         <load_address>0x78f6</load_address>
         <run_address>0x78f6</run_address>
         <size>0x2</size>
         <input_file_ref idref="fl-e5"/>
      </object_component>
      <object_component id="oc-e7">
         <name>.text</name>
         <load_address>0x78f8</load_address>
         <run_address>0x78f8</run_address>
         <size>0x74</size>
         <input_file_ref idref="fl-1f"/>
      </object_component>
      <object_component id="oc-5f">
         <name>.text</name>
         <load_address>0x796c</load_address>
         <run_address>0x796c</run_address>
         <size>0x70</size>
         <input_file_ref idref="fl-f2"/>
      </object_component>
      <object_component id="oc-cc">
         <name>.text</name>
         <load_address>0x79dc</load_address>
         <run_address>0x79dc</run_address>
         <size>0x70</size>
         <input_file_ref idref="fl-e7"/>
      </object_component>
      <object_component id="oc-3a">
         <name>.text</name>
         <load_address>0x7a4c</load_address>
         <run_address>0x7a4c</run_address>
         <size>0x6a</size>
         <input_file_ref idref="fl-e0"/>
      </object_component>
      <object_component id="oc-a4">
         <name>.text</name>
         <load_address>0x7ab6</load_address>
         <run_address>0x7ab6</run_address>
         <size>0x2</size>
         <input_file_ref idref="fl-100"/>
      </object_component>
      <object_component id="oc-26a">
         <name>.text</name>
         <load_address>0x7ab8</load_address>
         <run_address>0x7ab8</run_address>
         <size>0x64</size>
         <input_file_ref idref="fl-fe"/>
      </object_component>
      <object_component id="oc-25a">
         <name>.text</name>
         <load_address>0x7b1c</load_address>
         <run_address>0x7b1c</run_address>
         <size>0x56</size>
         <input_file_ref idref="fl-fc"/>
      </object_component>
      <object_component id="oc-24">
         <name>.text</name>
         <load_address>0x7b74</load_address>
         <run_address>0x7b74</run_address>
         <size>0x54</size>
         <input_file_ref idref="fl-de"/>
      </object_component>
      <object_component id="oc-6b">
         <name>.text</name>
         <load_address>0x7bc8</load_address>
         <run_address>0x7bc8</run_address>
         <size>0x54</size>
         <input_file_ref idref="fl-e2"/>
      </object_component>
      <object_component id="oc-282">
         <name>.text</name>
         <load_address>0x7c1c</load_address>
         <run_address>0x7c1c</run_address>
         <size>0x4c</size>
         <input_file_ref idref="fl-f1"/>
      </object_component>
      <object_component id="oc-9e">
         <name>.text</name>
         <load_address>0x7c68</load_address>
         <run_address>0x7c68</run_address>
         <size>0x4c</size>
         <input_file_ref idref="fl-f3"/>
      </object_component>
      <object_component id="oc-255">
         <name>.text</name>
         <load_address>0x7cb4</load_address>
         <run_address>0x7cb4</run_address>
         <size>0x48</size>
         <input_file_ref idref="fl-fa"/>
      </object_component>
      <object_component id="oc-1b6">
         <name>.text</name>
         <load_address>0x7cfc</load_address>
         <run_address>0x7cfc</run_address>
         <size>0x3e</size>
         <input_file_ref idref="fl-d"/>
      </object_component>
      <object_component id="oc-120">
         <name>.text</name>
         <load_address>0x7d3a</load_address>
         <run_address>0x7d3a</run_address>
         <size>0x30</size>
         <input_file_ref idref="fl-ed"/>
      </object_component>
      <object_component id="oc-260">
         <name>.text</name>
         <load_address>0x7d6a</load_address>
         <run_address>0x7d6a</run_address>
         <size>0x2e</size>
         <input_file_ref idref="fl-fb"/>
      </object_component>
      <object_component id="oc-12f">
         <name>.text</name>
         <load_address>0x7d98</load_address>
         <run_address>0x7d98</run_address>
         <size>0x1e</size>
         <input_file_ref idref="fl-e9"/>
      </object_component>
      <object_component id="oc-27c">
         <name>.text</name>
         <load_address>0x7db6</load_address>
         <run_address>0x7db6</run_address>
         <size>0x1c</size>
         <input_file_ref idref="fl-fd"/>
      </object_component>
      <object_component id="oc-190">
         <name>.text</name>
         <load_address>0x7dd2</load_address>
         <run_address>0x7dd2</run_address>
         <size>0x18</size>
         <input_file_ref idref="fl-4"/>
      </object_component>
      <object_component id="oc-65">
         <name>.text</name>
         <load_address>0x7dec</load_address>
         <run_address>0x7dec</run_address>
         <size>0x18</size>
         <input_file_ref idref="fl-f0"/>
      </object_component>
      <object_component id="oc-126">
         <name>.text</name>
         <load_address>0x7e04</load_address>
         <run_address>0x7e04</run_address>
         <size>0x18</size>
         <input_file_ref idref="fl-ea"/>
      </object_component>
      <object_component id="oc-276">
         <name>.text</name>
         <load_address>0x7e1c</load_address>
         <run_address>0x7e1c</run_address>
         <size>0x16</size>
         <input_file_ref idref="fl-101"/>
      </object_component>
      <object_component id="oc-16d">
         <name>.text</name>
         <load_address>0x7e34</load_address>
         <run_address>0x7e34</run_address>
         <size>0x14</size>
         <input_file_ref idref="fl-ee"/>
      </object_component>
      <object_component id="oc-2e5">
         <name>.text</name>
         <load_address>0x7e48</load_address>
         <run_address>0x7e48</run_address>
         <size>0x14</size>
         <input_file_ref idref="fl-104"/>
      </object_component>
      <object_component id="oc-11a">
         <name>.text</name>
         <load_address>0x7e5c</load_address>
         <run_address>0x7e5c</run_address>
         <size>0x14</size>
         <input_file_ref idref="fl-eb"/>
      </object_component>
      <object_component id="oc-f3">
         <name>.text</name>
         <load_address>0x7e70</load_address>
         <run_address>0x7e70</run_address>
         <size>0x14</size>
         <input_file_ref idref="fl-ec"/>
      </object_component>
      <object_component id="oc-12">
         <name>.text:decompress:none</name>
         <load_address>0x7e84</load_address>
         <run_address>0x7e84</run_address>
         <size>0xe</size>
         <input_file_ref idref="fl-df"/>
      </object_component>
      <object_component id="oc-75">
         <name>.text</name>
         <load_address>0x7e92</load_address>
         <run_address>0x7e92</run_address>
         <size>0xc</size>
         <input_file_ref idref="fl-3"/>
      </object_component>
      <object_component id="oc-18">
         <name>.text:decompress:rle24</name>
         <load_address>0x7e9e</load_address>
         <run_address>0x7e9e</run_address>
         <size>0x6</size>
         <input_file_ref idref="fl-e0"/>
      </object_component>
      <object_component id="oc-59">
         <name>.text</name>
         <load_address>0x7ea4</load_address>
         <run_address>0x7ea4</run_address>
         <size>0x4</size>
         <input_file_ref idref="fl-e6"/>
      </object_component>
      <object_component id="oc-1a8">
         <name>.const:.string</name>
         <load_address>0x7ea8</load_address>
         <run_address>0x7ea8</run_address>
         <size>0x20a</size>
         <input_file_ref idref="fl-2"/>
      </object_component>
      <object_component id="oc-2f4">
         <name>.const:.string:_ctypes_</name>
         <load_address>0x80b2</load_address>
         <run_address>0x80b2</run_address>
         <size>0x101</size>
         <input_file_ref idref="fl-f4"/>
      </object_component>
      <object_component id="oc-1c2">
         <name>.const:g_pulRegs</name>
         <load_address>0x81b4</load_address>
         <run_address>0x81b4</run_address>
         <size>0x50</size>
         <input_file_ref idref="fl-15"/>
      </object_component>
      <object_component id="oc-179">
         <name>.const:GPIO_PORT_TO_BASE</name>
         <load_address>0x8204</load_address>
         <run_address>0x8204</run_address>
         <size>0x30</size>
         <input_file_ref idref="fl-13"/>
      </object_component>
      <object_component id="oc-108">
         <name>.const:uartConfig</name>
         <load_address>0x8234</load_address>
         <run_address>0x8234</run_address>
         <size>0x24</size>
         <input_file_ref idref="fl-2"/>
      </object_component>
      <object_component id="oc-1bf">
         <name>.const:g_pulPriority</name>
         <load_address>0x8258</load_address>
         <run_address>0x8258</run_address>
         <size>0x20</size>
         <input_file_ref idref="fl-15"/>
      </object_component>
      <object_component id="oc-17c">
         <name>.const:GPIO_PORT_TO_INT</name>
         <load_address>0x8278</load_address>
         <run_address>0x8278</run_address>
         <size>0x1c</size>
         <input_file_ref idref="fl-13"/>
      </object_component>
      <object_component id="oc-ff">
         <name>.const:spiMasterConfig</name>
         <load_address>0x8294</load_address>
         <run_address>0x8294</run_address>
         <size>0x1c</size>
         <input_file_ref idref="fl-2"/>
      </object_component>
      <object_component id="oc-1c8">
         <name>.const:g_pulDisRegs</name>
         <load_address>0x82b0</load_address>
         <run_address>0x82b0</run_address>
         <size>0x8</size>
         <input_file_ref idref="fl-15"/>
      </object_component>
      <object_component id="oc-1c5">
         <name>.const:g_pulEnRegs</name>
         <load_address>0x82b8</load_address>
         <run_address>0x82b8</run_address>
         <size>0x8</size>
         <input_file_ref idref="fl-15"/>
      </object_component>
      <object_component id="oc-1cb">
         <name>.const:g_pulPendRegs</name>
         <load_address>0x82c0</load_address>
         <run_address>0x82c0</run_address>
         <size>0x8</size>
         <input_file_ref idref="fl-15"/>
      </object_component>
      <object_component id="oc-1ce">
         <name>.const:g_pulUnpendRegs</name>
         <load_address>0x82c8</load_address>
         <run_address>0x82c8</run_address>
         <size>0x8</size>
         <input_file_ref idref="fl-15"/>
      </object_component>
      <object_component id="oc-339">
         <name>.cinit..data.load</name>
         <load_address>0x82d0</load_address>
         <run_address>0x82d0</run_address>
         <size>0x134</size>
      </object_component>
      <object_component id="oc-33a">
         <name>.cinit..bss.load</name>
         <load_address>0x8408</load_address>
         <run_address>0x8408</run_address>
         <size>0xb</size>
      </object_component>
      <object_component id="oc-338">
         <name>.cinit..vtable.load</name>
         <load_address>0x8418</load_address>
         <run_address>0x8418</run_address>
         <size>0x9</size>
      </object_component>
      <object_component id="oc-336">
         <name>__TI_handler_table</name>
         <load_address>0x8424</load_address>
         <run_address>0x8424</run_address>
         <size>0x8</size>
      </object_component>
      <object_component id="oc-337">
         <name>__TI_cinit_table</name>
         <load_address>0x842c</load_address>
         <run_address>0x842c</run_address>
         <size>0x18</size>
      </object_component>
      <object_component id="oc-1bc">
         <name>.vtable</name>
         <uninitialized>true</uninitialized>
         <run_address>0x20000000</run_address>
         <size>0xe4</size>
         <input_file_ref idref="fl-15"/>
      </object_component>
      <object_component id="oc-12c">
         <name>.data:g_pcCwdBuf</name>
         <load_address>0x20000834</load_address>
         <run_address>0x20000834</run_address>
         <size>0x50</size>
         <input_file_ref idref="fl-2"/>
      </object_component>
      <object_component id="oc-111">
         <name>.data:g_psCmdTable</name>
         <load_address>0x200007c8</load_address>
         <run_address>0x200007c8</run_address>
         <size>0x6c</size>
         <input_file_ref idref="fl-2"/>
      </object_component>
      <object_component id="oc-d8">
         <name>.data:g_psFResultStrings</name>
         <load_address>0x20000728</load_address>
         <run_address>0x20000728</run_address>
         <size>0xa0</size>
         <input_file_ref idref="fl-2"/>
      </object_component>
      <object_component id="oc-102">
         <name>.data</name>
         <load_address>0x20000890</load_address>
         <run_address>0x20000890</run_address>
         <size>0x9</size>
         <input_file_ref idref="fl-2"/>
      </object_component>
      <object_component id="oc-186">
         <name>.data</name>
         <load_address>0x20000899</load_address>
         <run_address>0x20000899</run_address>
         <size>0x2</size>
         <input_file_ref idref="fl-9"/>
      </object_component>
      <object_component id="oc-ae">
         <name>.data:$O1$$</name>
         <load_address>0x20000884</load_address>
         <run_address>0x20000884</run_address>
         <size>0xc</size>
         <input_file_ref idref="fl-e2"/>
      </object_component>
      <object_component id="oc-71">
         <name>.data</name>
         <load_address>0x200008a8</load_address>
         <run_address>0x200008a8</run_address>
         <size>0x4</size>
         <input_file_ref idref="fl-e8"/>
      </object_component>
      <object_component id="oc-b1">
         <name>.data:$O1$$</name>
         <load_address>0x2000089c</load_address>
         <run_address>0x2000089c</run_address>
         <size>0x8</size>
         <input_file_ref idref="fl-ee"/>
      </object_component>
      <object_component id="oc-19c">
         <name>.data:_ftable</name>
         <load_address>0x20000638</load_address>
         <run_address>0x20000638</run_address>
         <size>0xf0</size>
         <input_file_ref idref="fl-f5"/>
      </object_component>
      <object_component id="oc-2eb">
         <name>.data</name>
         <load_address>0x200008a4</load_address>
         <run_address>0x200008a4</run_address>
         <size>0x4</size>
         <input_file_ref idref="fl-103"/>
      </object_component>
      <object_component id="oc-135">
         <name>.bss:g_pcTmpBuf</name>
         <uninitialized>true</uninitialized>
         <run_address>0x2000053c</run_address>
         <size>0x50</size>
         <input_file_ref idref="fl-2"/>
      </object_component>
      <object_component id="oc-105">
         <name>.bss:g_pcCmdBuf</name>
         <uninitialized>true</uninitialized>
         <run_address>0x2000058c</run_address>
         <size>0x40</size>
         <input_file_ref idref="fl-2"/>
      </object_component>
      <object_component id="oc-10b">
         <name>.bss:g_sFatFs</name>
         <uninitialized>true</uninitialized>
         <run_address>0x200000e4</run_address>
         <size>0x234</size>
         <input_file_ref idref="fl-2"/>
      </object_component>
      <object_component id="oc-114">
         <name>.bss:g_sDirObject</name>
         <uninitialized>true</uninitialized>
         <run_address>0x200005f0</run_address>
         <size>0x1c</size>
         <input_file_ref idref="fl-2"/>
      </object_component>
      <object_component id="oc-117">
         <name>.bss:g_sFileInfo</name>
         <uninitialized>true</uninitialized>
         <run_address>0x2000060c</run_address>
         <size>0x18</size>
         <input_file_ref idref="fl-2"/>
      </object_component>
      <object_component id="oc-10e">
         <name>.bss:g_sFileObject</name>
         <uninitialized>true</uninitialized>
         <run_address>0x20000318</run_address>
         <size>0x224</size>
         <input_file_ref idref="fl-2"/>
      </object_component>
      <object_component id="oc-1df">
         <name>.bss:g_ppcArgv</name>
         <uninitialized>true</uninitialized>
         <run_address>0x200005cc</run_address>
         <size>0x24</size>
         <input_file_ref idref="fl-5"/>
      </object_component>
      <object_component id="oc-1d5">
         <name>.bss:FatFs</name>
         <uninitialized>true</uninitialized>
         <run_address>0x2000062c</run_address>
         <size>0x4</size>
         <input_file_ref idref="fl-8"/>
      </object_component>
      <object_component id="oc-1d8">
         <name>.bss</name>
         <uninitialized>true</uninitialized>
         <run_address>0x20000634</run_address>
         <size>0x2</size>
         <input_file_ref idref="fl-8"/>
      </object_component>
      <object_component id="oc-183">
         <name>.bss</name>
         <uninitialized>true</uninitialized>
         <run_address>0x20000630</run_address>
         <size>0x3</size>
         <input_file_ref idref="fl-9"/>
      </object_component>
      <object_component id="oc-1ab">
         <name>.bss</name>
         <uninitialized>true</uninitialized>
         <run_address>0x20000624</run_address>
         <size>0x8</size>
         <input_file_ref idref="fl-f"/>
      </object_component>
      <object_component id="oc-2d">
         <name>.stack</name>
         <uninitialized>true</uninitialized>
         <run_address>0x2000fe00</run_address>
         <size>0x0</size>
         <input_file_ref idref="fl-de"/>
      </object_component>
      <object_component id="oc-33b">
         <name>.stack</name>
         <uninitialized>true</uninitialized>
         <run_address>0x2000fe00</run_address>
         <size>0x0</size>
      </object_component>
      <object_component id="oc-139">
         <name>.debug_info</name>
         <load_address>0x0</load_address>
         <run_address>0x0</run_address>
         <size>0xaa3</size>
         <input_file_ref idref="fl-2"/>
      </object_component>
      <object_component id="oc-12d">
         <name>.debug_info</name>
         <load_address>0xaa3</load_address>
         <run_address>0xaa3</run_address>
         <size>0xc8</size>
         <input_file_ref idref="fl-2"/>
      </object_component>
      <object_component id="oc-136">
         <name>.debug_info</name>
         <load_address>0xb6b</load_address>
         <run_address>0xb6b</run_address>
         <size>0xc8</size>
         <input_file_ref idref="fl-2"/>
      </object_component>
      <object_component id="oc-106">
         <name>.debug_info</name>
         <load_address>0xc33</load_address>
         <run_address>0xc33</run_address>
         <size>0xc8</size>
         <input_file_ref idref="fl-2"/>
      </object_component>
      <object_component id="oc-10c">
         <name>.debug_info</name>
         <load_address>0xcfb</load_address>
         <run_address>0xcfb</run_address>
         <size>0xc4</size>
         <input_file_ref idref="fl-2"/>
      </object_component>
      <object_component id="oc-115">
         <name>.debug_info</name>
         <load_address>0xdbf</load_address>
         <run_address>0xdbf</run_address>
         <size>0xcc</size>
         <input_file_ref idref="fl-2"/>
      </object_component>
      <object_component id="oc-118">
         <name>.debug_info</name>
         <load_address>0xe8b</load_address>
         <run_address>0xe8b</run_address>
         <size>0xca</size>
         <input_file_ref idref="fl-2"/>
      </object_component>
      <object_component id="oc-10f">
         <name>.debug_info</name>
         <load_address>0xf55</load_address>
         <run_address>0xf55</run_address>
         <size>0xce</size>
         <input_file_ref idref="fl-2"/>
      </object_component>
      <object_component id="oc-112">
         <name>.debug_info</name>
         <load_address>0x1023</load_address>
         <run_address>0x1023</run_address>
         <size>0xcd</size>
         <input_file_ref idref="fl-2"/>
      </object_component>
      <object_component id="oc-d9">
         <name>.debug_info</name>
         <load_address>0x10f0</load_address>
         <run_address>0x10f0</run_address>
         <size>0xd9</size>
         <input_file_ref idref="fl-2"/>
      </object_component>
      <object_component id="oc-103">
         <name>.debug_info</name>
         <load_address>0x11c9</load_address>
         <run_address>0x11c9</run_address>
         <size>0xd3</size>
         <input_file_ref idref="fl-2"/>
      </object_component>
      <object_component id="oc-109">
         <name>.debug_info</name>
         <load_address>0x129c</load_address>
         <run_address>0x129c</run_address>
         <size>0xc9</size>
         <input_file_ref idref="fl-2"/>
      </object_component>
      <object_component id="oc-100">
         <name>.debug_info</name>
         <load_address>0x1365</load_address>
         <run_address>0x1365</run_address>
         <size>0xd3</size>
         <input_file_ref idref="fl-2"/>
      </object_component>
      <object_component id="oc-7c">
         <name>.debug_info</name>
         <load_address>0x1438</load_address>
         <run_address>0x1438</run_address>
         <size>0xd6a</size>
         <input_file_ref idref="fl-2"/>
      </object_component>
      <object_component id="oc-13a">
         <name>.debug_info</name>
         <load_address>0x21a2</load_address>
         <run_address>0x21a2</run_address>
         <size>0x4c5</size>
         <input_file_ref idref="fl-2"/>
      </object_component>
      <object_component id="oc-14e">
         <name>.debug_info</name>
         <load_address>0x2667</load_address>
         <run_address>0x2667</run_address>
         <size>0xe4</size>
         <input_file_ref idref="fl-2"/>
      </object_component>
      <object_component id="oc-18b">
         <name>.debug_info</name>
         <load_address>0x274b</load_address>
         <run_address>0x274b</run_address>
         <size>0x70</size>
         <input_file_ref idref="fl-2"/>
      </object_component>
      <object_component id="oc-204">
         <name>.debug_info</name>
         <load_address>0x27bb</load_address>
         <run_address>0x27bb</run_address>
         <size>0x7f</size>
         <input_file_ref idref="fl-2"/>
      </object_component>
      <object_component id="oc-209">
         <name>.debug_info</name>
         <load_address>0x283a</load_address>
         <run_address>0x283a</run_address>
         <size>0x5e</size>
         <input_file_ref idref="fl-2"/>
      </object_component>
      <object_component id="oc-20e">
         <name>.debug_info</name>
         <load_address>0x2898</load_address>
         <run_address>0x2898</run_address>
         <size>0x103e</size>
         <input_file_ref idref="fl-2"/>
      </object_component>
      <object_component id="oc-21d">
         <name>.debug_info</name>
         <load_address>0x38d6</load_address>
         <run_address>0x38d6</run_address>
         <size>0xc8</size>
         <input_file_ref idref="fl-2"/>
      </object_component>
      <object_component id="oc-149">
         <name>.debug_info</name>
         <load_address>0x399e</load_address>
         <run_address>0x399e</run_address>
         <size>0x8b</size>
         <input_file_ref idref="fl-2"/>
      </object_component>
      <object_component id="oc-13f">
         <name>.debug_info</name>
         <load_address>0x3a29</load_address>
         <run_address>0x3a29</run_address>
         <size>0x18b</size>
         <input_file_ref idref="fl-2"/>
      </object_component>
      <object_component id="oc-144">
         <name>.debug_info</name>
         <load_address>0x3bb4</load_address>
         <run_address>0x3bb4</run_address>
         <size>0x2c</size>
         <input_file_ref idref="fl-2"/>
      </object_component>
      <object_component id="oc-1a1">
         <name>.debug_info</name>
         <load_address>0x3be0</load_address>
         <run_address>0x3be0</run_address>
         <size>0x4e</size>
         <input_file_ref idref="fl-2"/>
      </object_component>
      <object_component id="oc-213">
         <name>.debug_info</name>
         <load_address>0x3c2e</load_address>
         <run_address>0x3c2e</run_address>
         <size>0x131</size>
         <input_file_ref idref="fl-2"/>
      </object_component>
      <object_component id="oc-218">
         <name>.debug_info</name>
         <load_address>0x3d5f</load_address>
         <run_address>0x3d5f</run_address>
         <size>0xee</size>
         <input_file_ref idref="fl-2"/>
      </object_component>
      <object_component id="oc-83">
         <name>.debug_info</name>
         <load_address>0x3e4d</load_address>
         <run_address>0x3e4d</run_address>
         <size>0x12c</size>
         <input_file_ref idref="fl-3"/>
      </object_component>
      <object_component id="oc-2b">
         <name>.debug_info</name>
         <load_address>0x3f79</load_address>
         <run_address>0x3f79</run_address>
         <size>0xe3</size>
         <input_file_ref idref="fl-3"/>
      </object_component>
      <object_component id="oc-77">
         <name>.debug_info</name>
         <load_address>0x405c</load_address>
         <run_address>0x405c</run_address>
         <size>0x211</size>
         <input_file_ref idref="fl-3"/>
      </object_component>
      <object_component id="oc-8c">
         <name>.debug_info</name>
         <load_address>0x426d</load_address>
         <run_address>0x426d</run_address>
         <size>0x84</size>
         <input_file_ref idref="fl-3"/>
      </object_component>
      <object_component id="oc-23b">
         <name>.debug_info</name>
         <load_address>0x42f1</load_address>
         <run_address>0x42f1</run_address>
         <size>0x30f</size>
         <input_file_ref idref="fl-4"/>
      </object_component>
      <object_component id="oc-191">
         <name>.debug_info</name>
         <load_address>0x4600</load_address>
         <run_address>0x4600</run_address>
         <size>0x1bc</size>
         <input_file_ref idref="fl-4"/>
      </object_component>
      <object_component id="oc-1e3">
         <name>.debug_info</name>
         <load_address>0x47bc</load_address>
         <run_address>0x47bc</run_address>
         <size>0x14a</size>
         <input_file_ref idref="fl-5"/>
      </object_component>
      <object_component id="oc-1e0">
         <name>.debug_info</name>
         <load_address>0x4906</load_address>
         <run_address>0x4906</run_address>
         <size>0xcf</size>
         <input_file_ref idref="fl-5"/>
      </object_component>
      <object_component id="oc-fc">
         <name>.debug_info</name>
         <load_address>0x49d5</load_address>
         <run_address>0x49d5</run_address>
         <size>0x1cb</size>
         <input_file_ref idref="fl-5"/>
      </object_component>
      <object_component id="oc-94">
         <name>.debug_info</name>
         <load_address>0x4ba0</load_address>
         <run_address>0x4ba0</run_address>
         <size>0x2c</size>
         <input_file_ref idref="fl-5"/>
      </object_component>
      <object_component id="oc-1dc">
         <name>.debug_info</name>
         <load_address>0x4bcc</load_address>
         <run_address>0x4bcc</run_address>
         <size>0x29f</size>
         <input_file_ref idref="fl-8"/>
      </object_component>
      <object_component id="oc-1d6">
         <name>.debug_info</name>
         <load_address>0x4e6b</load_address>
         <run_address>0x4e6b</run_address>
         <size>0xd3</size>
         <input_file_ref idref="fl-8"/>
      </object_component>
      <object_component id="oc-1d9">
         <name>.debug_info</name>
         <load_address>0x4f3e</load_address>
         <run_address>0x4f3e</run_address>
         <size>0xd1</size>
         <input_file_ref idref="fl-8"/>
      </object_component>
      <object_component id="oc-ef">
         <name>.debug_info</name>
         <load_address>0x500f</load_address>
         <run_address>0x500f</run_address>
         <size>0x330b</size>
         <input_file_ref idref="fl-8"/>
      </object_component>
      <object_component id="oc-18a">
         <name>.debug_info</name>
         <load_address>0x831a</load_address>
         <run_address>0x831a</run_address>
         <size>0x43e</size>
         <input_file_ref idref="fl-9"/>
      </object_component>
      <object_component id="oc-187">
         <name>.debug_info</name>
         <load_address>0x8758</load_address>
         <run_address>0x8758</run_address>
         <size>0x100</size>
         <input_file_ref idref="fl-9"/>
      </object_component>
      <object_component id="oc-184">
         <name>.debug_info</name>
         <load_address>0x8858</load_address>
         <run_address>0x8858</run_address>
         <size>0x11e</size>
         <input_file_ref idref="fl-9"/>
      </object_component>
      <object_component id="oc-c7">
         <name>.debug_info</name>
         <load_address>0x8976</load_address>
         <run_address>0x8976</run_address>
         <size>0x17a4</size>
         <input_file_ref idref="fl-9"/>
      </object_component>
      <object_component id="oc-1b7">
         <name>.debug_info</name>
         <load_address>0xa11a</load_address>
         <run_address>0xa11a</run_address>
         <size>0x3b7</size>
         <input_file_ref idref="fl-d"/>
      </object_component>
      <object_component id="oc-1b5">
         <name>.debug_info</name>
         <load_address>0xa4d1</load_address>
         <run_address>0xa4d1</run_address>
         <size>0x4dc</size>
         <input_file_ref idref="fl-f"/>
      </object_component>
      <object_component id="oc-1ac">
         <name>.debug_info</name>
         <load_address>0xa9ad</load_address>
         <run_address>0xa9ad</run_address>
         <size>0xf7</size>
         <input_file_ref idref="fl-f"/>
      </object_component>
      <object_component id="oc-dc">
         <name>.debug_info</name>
         <load_address>0xaaa4</load_address>
         <run_address>0xaaa4</run_address>
         <size>0x2178</size>
         <input_file_ref idref="fl-f"/>
      </object_component>
      <object_component id="oc-180">
         <name>.debug_info</name>
         <load_address>0xcc1c</load_address>
         <run_address>0xcc1c</run_address>
         <size>0x440</size>
         <input_file_ref idref="fl-13"/>
      </object_component>
      <object_component id="oc-17d">
         <name>.debug_info</name>
         <load_address>0xd05c</load_address>
         <run_address>0xd05c</run_address>
         <size>0xe9</size>
         <input_file_ref idref="fl-13"/>
      </object_component>
      <object_component id="oc-17a">
         <name>.debug_info</name>
         <load_address>0xd145</load_address>
         <run_address>0xd145</run_address>
         <size>0xeb</size>
         <input_file_ref idref="fl-13"/>
      </object_component>
      <object_component id="oc-be">
         <name>.debug_info</name>
         <load_address>0xd230</load_address>
         <run_address>0xd230</run_address>
         <size>0x19e7</size>
         <input_file_ref idref="fl-13"/>
      </object_component>
      <object_component id="oc-1d2">
         <name>.debug_info</name>
         <load_address>0xec17</load_address>
         <run_address>0xec17</run_address>
         <size>0x3ce</size>
         <input_file_ref idref="fl-15"/>
      </object_component>
      <object_component id="oc-1c0">
         <name>.debug_info</name>
         <load_address>0xefe5</load_address>
         <run_address>0xefe5</run_address>
         <size>0xe8</size>
         <input_file_ref idref="fl-15"/>
      </object_component>
      <object_component id="oc-1c3">
         <name>.debug_info</name>
         <load_address>0xf0cd</load_address>
         <run_address>0xf0cd</run_address>
         <size>0xe0</size>
         <input_file_ref idref="fl-15"/>
      </object_component>
      <object_component id="oc-1c6">
         <name>.debug_info</name>
         <load_address>0xf1ad</load_address>
         <run_address>0xf1ad</run_address>
         <size>0xe4</size>
         <input_file_ref idref="fl-15"/>
      </object_component>
      <object_component id="oc-1c9">
         <name>.debug_info</name>
         <load_address>0xf291</load_address>
         <run_address>0xf291</run_address>
         <size>0xe6</size>
         <input_file_ref idref="fl-15"/>
      </object_component>
      <object_component id="oc-1cc">
         <name>.debug_info</name>
         <load_address>0xf377</load_address>
         <run_address>0xf377</run_address>
         <size>0xe8</size>
         <input_file_ref idref="fl-15"/>
      </object_component>
      <object_component id="oc-1cf">
         <name>.debug_info</name>
         <load_address>0xf45f</load_address>
         <run_address>0xf45f</run_address>
         <size>0xec</size>
         <input_file_ref idref="fl-15"/>
      </object_component>
      <object_component id="oc-1bd">
         <name>.debug_info</name>
         <load_address>0xf54b</load_address>
         <run_address>0xf54b</run_address>
         <size>0xed</size>
         <input_file_ref idref="fl-15"/>
      </object_component>
      <object_component id="oc-e3">
         <name>.debug_info</name>
         <load_address>0xf638</load_address>
         <run_address>0xf638</run_address>
         <size>0x1190</size>
         <input_file_ref idref="fl-15"/>
      </object_component>
      <object_component id="oc-182">
         <name>.debug_info</name>
         <load_address>0x107c8</load_address>
         <run_address>0x107c8</run_address>
         <size>0x434</size>
         <input_file_ref idref="fl-1d"/>
      </object_component>
      <object_component id="oc-c4">
         <name>.debug_info</name>
         <load_address>0x10bfc</load_address>
         <run_address>0x10bfc</run_address>
         <size>0x3d58</size>
         <input_file_ref idref="fl-1d"/>
      </object_component>
      <object_component id="oc-1b0">
         <name>.debug_info</name>
         <load_address>0x14954</load_address>
         <run_address>0x14954</run_address>
         <size>0xd22</size>
         <input_file_ref idref="fl-1e"/>
      </object_component>
      <object_component id="oc-1d4">
         <name>.debug_info</name>
         <load_address>0x15676</load_address>
         <run_address>0x15676</run_address>
         <size>0x396</size>
         <input_file_ref idref="fl-1f"/>
      </object_component>
      <object_component id="oc-e8">
         <name>.debug_info</name>
         <load_address>0x15a0c</load_address>
         <run_address>0x15a0c</run_address>
         <size>0x66f</size>
         <input_file_ref idref="fl-1f"/>
      </object_component>
      <object_component id="oc-1a7">
         <name>.debug_info</name>
         <load_address>0x1607b</load_address>
         <run_address>0x1607b</run_address>
         <size>0x42a</size>
         <input_file_ref idref="fl-22"/>
      </object_component>
      <object_component id="oc-d5">
         <name>.debug_info</name>
         <load_address>0x164a5</load_address>
         <run_address>0x164a5</run_address>
         <size>0x160e</size>
         <input_file_ref idref="fl-22"/>
      </object_component>
      <object_component id="oc-26">
         <name>.debug_info</name>
         <load_address>0x17ab3</load_address>
         <run_address>0x17ab3</run_address>
         <size>0x17c</size>
         <input_file_ref idref="fl-de"/>
      </object_component>
      <object_component id="oc-39">
         <name>.debug_info</name>
         <load_address>0x17c2f</load_address>
         <run_address>0x17c2f</run_address>
         <size>0x15c</size>
         <input_file_ref idref="fl-df"/>
      </object_component>
      <object_component id="oc-13">
         <name>.debug_info</name>
         <load_address>0x17d8b</load_address>
         <run_address>0x17d8b</run_address>
         <size>0x1fb</size>
         <input_file_ref idref="fl-df"/>
      </object_component>
      <object_component id="oc-34">
         <name>.debug_info</name>
         <load_address>0x17f86</load_address>
         <run_address>0x17f86</run_address>
         <size>0x46</size>
         <input_file_ref idref="fl-df"/>
      </object_component>
      <object_component id="oc-85">
         <name>.debug_info</name>
         <load_address>0x17fcc</load_address>
         <run_address>0x17fcc</run_address>
         <size>0x2c</size>
         <input_file_ref idref="fl-df"/>
      </object_component>
      <object_component id="oc-41">
         <name>.debug_info</name>
         <load_address>0x17ff8</load_address>
         <run_address>0x17ff8</run_address>
         <size>0x150</size>
         <input_file_ref idref="fl-e0"/>
      </object_component>
      <object_component id="oc-3d">
         <name>.debug_info</name>
         <load_address>0x18148</load_address>
         <run_address>0x18148</run_address>
         <size>0x263</size>
         <input_file_ref idref="fl-e0"/>
      </object_component>
      <object_component id="oc-1b">
         <name>.debug_info</name>
         <load_address>0x183ab</load_address>
         <run_address>0x183ab</run_address>
         <size>0x1cd</size>
         <input_file_ref idref="fl-e0"/>
      </object_component>
      <object_component id="oc-42">
         <name>.debug_info</name>
         <load_address>0x18578</load_address>
         <run_address>0x18578</run_address>
         <size>0x39</size>
         <input_file_ref idref="fl-e0"/>
      </object_component>
      <object_component id="oc-b5">
         <name>.debug_info</name>
         <load_address>0x185b1</load_address>
         <run_address>0x185b1</run_address>
         <size>0x250</size>
         <input_file_ref idref="fl-e2"/>
      </object_component>
      <object_component id="oc-af">
         <name>.debug_info</name>
         <load_address>0x18801</load_address>
         <run_address>0x18801</run_address>
         <size>0x1a1</size>
         <input_file_ref idref="fl-e2"/>
      </object_component>
      <object_component id="oc-6c">
         <name>.debug_info</name>
         <load_address>0x189a2</load_address>
         <run_address>0x189a2</run_address>
         <size>0x230</size>
         <input_file_ref idref="fl-e2"/>
      </object_component>
      <object_component id="oc-2f">
         <name>.debug_info</name>
         <load_address>0x18bd2</load_address>
         <run_address>0x18bd2</run_address>
         <size>0x12d</size>
         <input_file_ref idref="fl-e3"/>
      </object_component>
      <object_component id="oc-49">
         <name>.debug_info</name>
         <load_address>0x18cff</load_address>
         <run_address>0x18cff</run_address>
         <size>0x15b</size>
         <input_file_ref idref="fl-e4"/>
      </object_component>
      <object_component id="oc-56">
         <name>.debug_info</name>
         <load_address>0x18e5a</load_address>
         <run_address>0x18e5a</run_address>
         <size>0x154</size>
         <input_file_ref idref="fl-e5"/>
      </object_component>
      <object_component id="oc-5a">
         <name>.debug_info</name>
         <load_address>0x18fae</load_address>
         <run_address>0x18fae</run_address>
         <size>0x164</size>
         <input_file_ref idref="fl-e6"/>
      </object_component>
      <object_component id="oc-1a0">
         <name>.debug_info</name>
         <load_address>0x19112</load_address>
         <run_address>0x19112</run_address>
         <size>0x248</size>
         <input_file_ref idref="fl-e7"/>
      </object_component>
      <object_component id="oc-cd">
         <name>.debug_info</name>
         <load_address>0x1935a</load_address>
         <run_address>0x1935a</run_address>
         <size>0x2a0</size>
         <input_file_ref idref="fl-e7"/>
      </object_component>
      <object_component id="oc-29f">
         <name>.debug_info</name>
         <load_address>0x195fa</load_address>
         <run_address>0x195fa</run_address>
         <size>0xae</size>
         <input_file_ref idref="fl-e7"/>
      </object_component>
      <object_component id="oc-72">
         <name>.debug_info</name>
         <load_address>0x196a8</load_address>
         <run_address>0x196a8</run_address>
         <size>0x125</size>
         <input_file_ref idref="fl-e8"/>
      </object_component>
      <object_component id="oc-1ff">
         <name>.debug_info</name>
         <load_address>0x197cd</load_address>
         <run_address>0x197cd</run_address>
         <size>0x10c</size>
         <input_file_ref idref="fl-e9"/>
      </object_component>
      <object_component id="oc-130">
         <name>.debug_info</name>
         <load_address>0x198d9</load_address>
         <run_address>0x198d9</run_address>
         <size>0x29b</size>
         <input_file_ref idref="fl-e9"/>
      </object_component>
      <object_component id="oc-1fb">
         <name>.debug_info</name>
         <load_address>0x19b74</load_address>
         <run_address>0x19b74</run_address>
         <size>0x101</size>
         <input_file_ref idref="fl-ea"/>
      </object_component>
      <object_component id="oc-127">
         <name>.debug_info</name>
         <load_address>0x19c75</load_address>
         <run_address>0x19c75</run_address>
         <size>0x2aa</size>
         <input_file_ref idref="fl-ea"/>
      </object_component>
      <object_component id="oc-1f7">
         <name>.debug_info</name>
         <load_address>0x19f1f</load_address>
         <run_address>0x19f1f</run_address>
         <size>0x10c</size>
         <input_file_ref idref="fl-eb"/>
      </object_component>
      <object_component id="oc-11c">
         <name>.debug_info</name>
         <load_address>0x1a02b</load_address>
         <run_address>0x1a02b</run_address>
         <size>0x283</size>
         <input_file_ref idref="fl-eb"/>
      </object_component>
      <object_component id="oc-1de">
         <name>.debug_info</name>
         <load_address>0x1a2ae</load_address>
         <run_address>0x1a2ae</run_address>
         <size>0x106</size>
         <input_file_ref idref="fl-ec"/>
      </object_component>
      <object_component id="oc-f7">
         <name>.debug_info</name>
         <load_address>0x1a3b4</load_address>
         <run_address>0x1a3b4</run_address>
         <size>0x27c</size>
         <input_file_ref idref="fl-ec"/>
      </object_component>
      <object_component id="oc-1f9">
         <name>.debug_info</name>
         <load_address>0x1a630</load_address>
         <run_address>0x1a630</run_address>
         <size>0x112</size>
         <input_file_ref idref="fl-ed"/>
      </object_component>
      <object_component id="oc-123">
         <name>.debug_info</name>
         <load_address>0x1a742</load_address>
         <run_address>0x1a742</run_address>
         <size>0x2ab</size>
         <input_file_ref idref="fl-ed"/>
      </object_component>
      <object_component id="oc-175">
         <name>.debug_info</name>
         <load_address>0x1a9ed</load_address>
         <run_address>0x1a9ed</run_address>
         <size>0x140</size>
         <input_file_ref idref="fl-ee"/>
      </object_component>
      <object_component id="oc-b2">
         <name>.debug_info</name>
         <load_address>0x1ab2d</load_address>
         <run_address>0x1ab2d</run_address>
         <size>0x12f</size>
         <input_file_ref idref="fl-ee"/>
      </object_component>
      <object_component id="oc-16e">
         <name>.debug_info</name>
         <load_address>0x1ac5c</load_address>
         <run_address>0x1ac5c</run_address>
         <size>0x23b</size>
         <input_file_ref idref="fl-ee"/>
      </object_component>
      <object_component id="oc-289">
         <name>.debug_info</name>
         <load_address>0x1ae97</load_address>
         <run_address>0x1ae97</run_address>
         <size>0x3ac</size>
         <input_file_ref idref="fl-ef"/>
      </object_component>
      <object_component id="oc-197">
         <name>.debug_info</name>
         <load_address>0x1b243</load_address>
         <run_address>0x1b243</run_address>
         <size>0x180c</size>
         <input_file_ref idref="fl-ef"/>
      </object_component>
      <object_component id="oc-28a">
         <name>.debug_info</name>
         <load_address>0x1ca4f</load_address>
         <run_address>0x1ca4f</run_address>
         <size>0x86</size>
         <input_file_ref idref="fl-ef"/>
      </object_component>
      <object_component id="oc-28f">
         <name>.debug_info</name>
         <load_address>0x1cad5</load_address>
         <run_address>0x1cad5</run_address>
         <size>0x2c</size>
         <input_file_ref idref="fl-ef"/>
      </object_component>
      <object_component id="oc-2fb">
         <name>.debug_info</name>
         <load_address>0x1cb01</load_address>
         <run_address>0x1cb01</run_address>
         <size>0x46</size>
         <input_file_ref idref="fl-ef"/>
      </object_component>
      <object_component id="oc-294">
         <name>.debug_info</name>
         <load_address>0x1cb47</load_address>
         <run_address>0x1cb47</run_address>
         <size>0x39</size>
         <input_file_ref idref="fl-ef"/>
      </object_component>
      <object_component id="oc-ad">
         <name>.debug_info</name>
         <load_address>0x1cb80</load_address>
         <run_address>0x1cb80</run_address>
         <size>0x182</size>
         <input_file_ref idref="fl-f0"/>
      </object_component>
      <object_component id="oc-67">
         <name>.debug_info</name>
         <load_address>0x1cd02</load_address>
         <run_address>0x1cd02</run_address>
         <size>0x183</size>
         <input_file_ref idref="fl-f0"/>
      </object_component>
      <object_component id="oc-166">
         <name>.debug_info</name>
         <load_address>0x1ce85</load_address>
         <run_address>0x1ce85</run_address>
         <size>0x5e</size>
         <input_file_ref idref="fl-f0"/>
      </object_component>
      <object_component id="oc-2f8">
         <name>.debug_info</name>
         <load_address>0x1cee3</load_address>
         <run_address>0x1cee3</run_address>
         <size>0x130</size>
         <input_file_ref idref="fl-f1"/>
      </object_component>
      <object_component id="oc-283">
         <name>.debug_info</name>
         <load_address>0x1d013</load_address>
         <run_address>0x1d013</run_address>
         <size>0x18d</size>
         <input_file_ref idref="fl-f1"/>
      </object_component>
      <object_component id="oc-ab">
         <name>.debug_info</name>
         <load_address>0x1d1a0</load_address>
         <run_address>0x1d1a0</run_address>
         <size>0x305</size>
         <input_file_ref idref="fl-f2"/>
      </object_component>
      <object_component id="oc-62">
         <name>.debug_info</name>
         <load_address>0x1d4a5</load_address>
         <run_address>0x1d4a5</run_address>
         <size>0x1ac</size>
         <input_file_ref idref="fl-f2"/>
      </object_component>
      <object_component id="oc-15a">
         <name>.debug_info</name>
         <load_address>0x1d651</load_address>
         <run_address>0x1d651</run_address>
         <size>0x39</size>
         <input_file_ref idref="fl-f2"/>
      </object_component>
      <object_component id="oc-15f">
         <name>.debug_info</name>
         <load_address>0x1d68a</load_address>
         <run_address>0x1d68a</run_address>
         <size>0xcd</size>
         <input_file_ref idref="fl-f2"/>
      </object_component>
      <object_component id="oc-156">
         <name>.debug_info</name>
         <load_address>0x1d757</load_address>
         <run_address>0x1d757</run_address>
         <size>0x1fc</size>
         <input_file_ref idref="fl-f3"/>
      </object_component>
      <object_component id="oc-a2">
         <name>.debug_info</name>
         <load_address>0x1d953</load_address>
         <run_address>0x1d953</run_address>
         <size>0x19f</size>
         <input_file_ref idref="fl-f3"/>
      </object_component>
      <object_component id="oc-224">
         <name>.debug_info</name>
         <load_address>0x1daf2</load_address>
         <run_address>0x1daf2</run_address>
         <size>0x2c</size>
         <input_file_ref idref="fl-f3"/>
      </object_component>
      <object_component id="oc-311">
         <name>.debug_info</name>
         <load_address>0x1db1e</load_address>
         <run_address>0x1db1e</run_address>
         <size>0x10a</size>
         <input_file_ref idref="fl-f4"/>
      </object_component>
      <object_component id="oc-2f5">
         <name>.debug_info</name>
         <load_address>0x1dc28</load_address>
         <run_address>0x1dc28</run_address>
         <size>0x116</size>
         <input_file_ref idref="fl-f4"/>
      </object_component>
      <object_component id="oc-29b">
         <name>.debug_info</name>
         <load_address>0x1dd3e</load_address>
         <run_address>0x1dd3e</run_address>
         <size>0x155</size>
         <input_file_ref idref="fl-f5"/>
      </object_component>
      <object_component id="oc-19d">
         <name>.debug_info</name>
         <load_address>0x1de93</load_address>
         <run_address>0x1de93</run_address>
         <size>0x113</size>
         <input_file_ref idref="fl-f5"/>
      </object_component>
      <object_component id="oc-268">
         <name>.debug_info</name>
         <load_address>0x1dfa6</load_address>
         <run_address>0x1dfa6</run_address>
         <size>0x160</size>
         <input_file_ref idref="fl-f6"/>
      </object_component>
      <object_component id="oc-243">
         <name>.debug_info</name>
         <load_address>0x1e106</load_address>
         <run_address>0x1e106</run_address>
         <size>0x13c</size>
         <input_file_ref idref="fl-f7"/>
      </object_component>
      <object_component id="oc-252">
         <name>.debug_info</name>
         <load_address>0x1e242</load_address>
         <run_address>0x1e242</run_address>
         <size>0x13e</size>
         <input_file_ref idref="fl-f7"/>
      </object_component>
      <object_component id="oc-24c">
         <name>.debug_info</name>
         <load_address>0x1e380</load_address>
         <run_address>0x1e380</run_address>
         <size>0x14e</size>
         <input_file_ref idref="fl-f8"/>
      </object_component>
      <object_component id="oc-247">
         <name>.debug_info</name>
         <load_address>0x1e4ce</load_address>
         <run_address>0x1e4ce</run_address>
         <size>0x14e</size>
         <input_file_ref idref="fl-f9"/>
      </object_component>
      <object_component id="oc-256">
         <name>.debug_info</name>
         <load_address>0x1e61c</load_address>
         <run_address>0x1e61c</run_address>
         <size>0x142</size>
         <input_file_ref idref="fl-fa"/>
      </object_component>
      <object_component id="oc-262">
         <name>.debug_info</name>
         <load_address>0x1e75e</load_address>
         <run_address>0x1e75e</run_address>
         <size>0x140</size>
         <input_file_ref idref="fl-fb"/>
      </object_component>
      <object_component id="oc-2db">
         <name>.debug_info</name>
         <load_address>0x1e89e</load_address>
         <run_address>0x1e89e</run_address>
         <size>0x168</size>
         <input_file_ref idref="fl-fc"/>
      </object_component>
      <object_component id="oc-25d">
         <name>.debug_info</name>
         <load_address>0x1ea06</load_address>
         <run_address>0x1ea06</run_address>
         <size>0x1de</size>
         <input_file_ref idref="fl-fc"/>
      </object_component>
      <object_component id="oc-2f3">
         <name>.debug_info</name>
         <load_address>0x1ebe4</load_address>
         <run_address>0x1ebe4</run_address>
         <size>0x10d</size>
         <input_file_ref idref="fl-fd"/>
      </object_component>
      <object_component id="oc-280">
         <name>.debug_info</name>
         <load_address>0x1ecf1</load_address>
         <run_address>0x1ecf1</run_address>
         <size>0x1c7</size>
         <input_file_ref idref="fl-fd"/>
      </object_component>
      <object_component id="oc-2df">
         <name>.debug_info</name>
         <load_address>0x1eeb8</load_address>
         <run_address>0x1eeb8</run_address>
         <size>0x15b</size>
         <input_file_ref idref="fl-fe"/>
      </object_component>
      <object_component id="oc-26e">
         <name>.debug_info</name>
         <load_address>0x1f013</load_address>
         <run_address>0x1f013</run_address>
         <size>0x1a6</size>
         <input_file_ref idref="fl-fe"/>
      </object_component>
      <object_component id="oc-2e0">
         <name>.debug_info</name>
         <load_address>0x1f1b9</load_address>
         <run_address>0x1f1b9</run_address>
         <size>0x2c</size>
         <input_file_ref idref="fl-fe"/>
      </object_component>
      <object_component id="oc-2ef">
         <name>.debug_info</name>
         <load_address>0x1f1e5</load_address>
         <run_address>0x1f1e5</run_address>
         <size>0x198</size>
         <input_file_ref idref="fl-ff"/>
      </object_component>
      <object_component id="oc-272">
         <name>.debug_info</name>
         <load_address>0x1f37d</load_address>
         <run_address>0x1f37d</run_address>
         <size>0x1f1</size>
         <input_file_ref idref="fl-ff"/>
      </object_component>
      <object_component id="oc-a6">
         <name>.debug_info</name>
         <load_address>0x1f56e</load_address>
         <run_address>0x1f56e</run_address>
         <size>0x161</size>
         <input_file_ref idref="fl-100"/>
      </object_component>
      <object_component id="oc-2f1">
         <name>.debug_info</name>
         <load_address>0x1f6cf</load_address>
         <run_address>0x1f6cf</run_address>
         <size>0x111</size>
         <input_file_ref idref="fl-101"/>
      </object_component>
      <object_component id="oc-277">
         <name>.debug_info</name>
         <load_address>0x1f7e0</load_address>
         <run_address>0x1f7e0</run_address>
         <size>0x296</size>
         <input_file_ref idref="fl-101"/>
      </object_component>
      <object_component id="oc-23e">
         <name>.debug_info</name>
         <load_address>0x1fa76</load_address>
         <run_address>0x1fa76</run_address>
         <size>0x199</size>
         <input_file_ref idref="fl-102"/>
      </object_component>
      <object_component id="oc-2ec">
         <name>.debug_info</name>
         <load_address>0x1fc0f</load_address>
         <run_address>0x1fc0f</run_address>
         <size>0x10f</size>
         <input_file_ref idref="fl-103"/>
      </object_component>
      <object_component id="oc-2e6">
         <name>.debug_info</name>
         <load_address>0x1fd1e</load_address>
         <run_address>0x1fd1e</run_address>
         <size>0x172</size>
         <input_file_ref idref="fl-104"/>
      </object_component>
      <object_component id="oc-33c">
         <name>.debug_info</name>
         <load_address>0x1fe90</load_address>
         <run_address>0x1fe90</run_address>
         <size>0x97</size>
      </object_component>
      <object_component id="oc-203">
         <name>.debug_line</name>
         <load_address>0x0</load_address>
         <run_address>0x0</run_address>
         <size>0x292</size>
         <input_file_ref idref="fl-2"/>
      </object_component>
      <object_component id="oc-1fd">
         <name>.debug_line</name>
         <load_address>0x292</load_address>
         <run_address>0x292</run_address>
         <size>0x2d</size>
         <input_file_ref idref="fl-2"/>
      </object_component>
      <object_component id="oc-201">
         <name>.debug_line</name>
         <load_address>0x2bf</load_address>
         <run_address>0x2bf</run_address>
         <size>0x2d</size>
         <input_file_ref idref="fl-2"/>
      </object_component>
      <object_component id="oc-1e9">
         <name>.debug_line</name>
         <load_address>0x2ec</load_address>
         <run_address>0x2ec</run_address>
         <size>0x2d</size>
         <input_file_ref idref="fl-2"/>
      </object_component>
      <object_component id="oc-1ed">
         <name>.debug_line</name>
         <load_address>0x319</load_address>
         <run_address>0x319</run_address>
         <size>0x2d</size>
         <input_file_ref idref="fl-2"/>
      </object_component>
      <object_component id="oc-1f3">
         <name>.debug_line</name>
         <load_address>0x346</load_address>
         <run_address>0x346</run_address>
         <size>0x2d</size>
         <input_file_ref idref="fl-2"/>
      </object_component>
      <object_component id="oc-1f5">
         <name>.debug_line</name>
         <load_address>0x373</load_address>
         <run_address>0x373</run_address>
         <size>0x2d</size>
         <input_file_ref idref="fl-2"/>
      </object_component>
      <object_component id="oc-1ef">
         <name>.debug_line</name>
         <load_address>0x3a0</load_address>
         <run_address>0x3a0</run_address>
         <size>0x2d</size>
         <input_file_ref idref="fl-2"/>
      </object_component>
      <object_component id="oc-1f1">
         <name>.debug_line</name>
         <load_address>0x3cd</load_address>
         <run_address>0x3cd</run_address>
         <size>0x2d</size>
         <input_file_ref idref="fl-2"/>
      </object_component>
      <object_component id="oc-1aa">
         <name>.debug_line</name>
         <load_address>0x3fa</load_address>
         <run_address>0x3fa</run_address>
         <size>0x2d</size>
         <input_file_ref idref="fl-2"/>
      </object_component>
      <object_component id="oc-1e7">
         <name>.debug_line</name>
         <load_address>0x427</load_address>
         <run_address>0x427</run_address>
         <size>0x2d</size>
         <input_file_ref idref="fl-2"/>
      </object_component>
      <object_component id="oc-1eb">
         <name>.debug_line</name>
         <load_address>0x454</load_address>
         <run_address>0x454</run_address>
         <size>0x2d</size>
         <input_file_ref idref="fl-2"/>
      </object_component>
      <object_component id="oc-1e5">
         <name>.debug_line</name>
         <load_address>0x481</load_address>
         <run_address>0x481</run_address>
         <size>0x2d</size>
         <input_file_ref idref="fl-2"/>
      </object_component>
      <object_component id="oc-7f">
[...]
         <object_component_ref idref="oc-c0"/>
      </symbol>
      <symbol id="sm-744">
         <name>EUSCI_B_SPI_slaveInit</name>
         <value>0x4d07</value>
         <object_component_ref idref="oc-c0"/>
      </symbol>
      <symbol id="sm-745">
         <name>SPI_initMaster</name>
         <value>0x47f5</value>
         <object_component_ref idref="oc-c0"/>
      </symbol>
      <symbol id="sm-746">
         <name>SPI_getEnabledInterruptStatus</name>
         <value>0x4af5</value>
         <object_component_ref idref="oc-c0"/>
      </symbol>
      <symbol id="sm-747">
         <name>EUSCI_B_SPI_getTransmitBufferAddressForDMA</name>
         <value>0x4e59</value>
         <object_component_ref idref="oc-c0"/>
      </symbol>
      <symbol id="sm-748">
         <name>EUSCI_A_SPI_disableInterrupt</name>
         <value>0x4fa1</value>
         <object_component_ref idref="oc-c0"/>
      </symbol>
      <symbol id="sm-749">
         <name>SPI_unregisterInterrupt</name>
         <value>0x4c09</value>
         <object_component_ref idref="oc-c0"/>
      </symbol>
      <symbol id="sm-74a">
         <name>EUSCI_A_SPI_masterChangeClock</name>
         <value>0x4e9f</value>
         <object_component_ref idref="oc-c0"/>
      </symbol>
      <symbol id="sm-74b">
         <name>EUSCI_A_SPI_isBusy</name>
         <value>0x5035</value>
         <object_component_ref idref="oc-c0"/>
      </symbol>
      <symbol id="sm-74c">
         <name>SPI_enableInterrupt</name>
         <value>0x4a81</value>
         <object_component_ref idref="oc-c0"/>
      </symbol>
      <symbol id="sm-74d">
         <name>SPI_disableInterrupt</name>
         <value>0x4aa7</value>
         <object_component_ref idref="oc-c0"/>
      </symbol>
      <symbol id="sm-784">
         <name>SysCtl_disableSRAMBankRetention</name>
         <value>0x7055</value>
         <object_component_ref idref="oc-1ae"/>
      </symbol>
      <symbol id="sm-785">
         <name>SysCtl_getTempCalibrationConstant</name>
         <value>0x7105</value>
         <object_component_ref idref="oc-1ae"/>
      </symbol>
      <symbol id="sm-786">
         <name>SysCtl_enablePeripheralAtCPUHalt</name>
         <value>0x707d</value>
         <object_component_ref idref="oc-1ae"/>
      </symbol>
      <symbol id="sm-787">
         <name>SysCtl_getSRAMSize</name>
         <value>0x6f75</value>
         <object_component_ref idref="oc-1ae"/>
      </symbol>
      <symbol id="sm-788">
         <name>SysCtl_enableSRAMBank</name>
         <value>0x6faf</value>
         <object_component_ref idref="oc-1ae"/>
      </symbol>
      <symbol id="sm-789">
         <name>SysCtl_disablePeripheralAtCPUHalt</name>
         <value>0x7091</value>
         <object_component_ref idref="oc-1ae"/>
      </symbol>
      <symbol id="sm-78a">
         <name>SysCtl_setWDTTimeoutResetType</name>
         <value>0x70a5</value>
         <object_component_ref idref="oc-1ae"/>
      </symbol>
      <symbol id="sm-78b">
         <name>SysCtl_getNMISourceStatus</name>
         <value>0x6fa9</value>
         <object_component_ref idref="oc-1ae"/>
      </symbol>
      <symbol id="sm-78c">
         <name>SysCtl_enableNMISource</name>
         <value>0x6f95</value>
         <object_component_ref idref="oc-1ae"/>
      </symbol>
      <symbol id="sm-78d">
         <name>SysCtl_disableSRAMBank</name>
         <value>0x6fcd</value>
         <object_component_ref idref="oc-1ae"/>
      </symbol>
      <symbol id="sm-78e">
         <name>SysCtl_disableGlitchFilter</name>
         <value>0x70f9</value>
         <object_component_ref idref="oc-1ae"/>
      </symbol>
      <symbol id="sm-78f">
         <name>SysCtl_disableNMISource</name>
         <value>0x6f81</value>
         <object_component_ref idref="oc-1ae"/>
      </symbol>
      <symbol id="sm-790">
         <name>SysCtl_setWDTPasswordViolationResetType</name>
         <value>0x70c9</value>
         <object_component_ref idref="oc-1ae"/>
      </symbol>
      <symbol id="sm-791">
         <name>SysCtl_rebootDevice</name>
         <value>0x7073</value>
         <object_component_ref idref="oc-1ae"/>
      </symbol>
      <symbol id="sm-792">
         <name>SysCtl_getFlashSize</name>
         <value>0x6f7b</value>
         <object_component_ref idref="oc-1ae"/>
      </symbol>
      <symbol id="sm-793">
         <name>SysCtl_enableGlitchFilter</name>
         <value>0x70ed</value>
         <object_component_ref idref="oc-1ae"/>
      </symbol>
      <symbol id="sm-794">
         <name>SysCtl_enableSRAMBankRetention</name>
         <value>0x7037</value>
         <object_component_ref idref="oc-1ae"/>
      </symbol>
      <symbol id="sm-7ad">
         <name>SysTick_setPeriod</name>
         <value>0x7941</value>
         <object_component_ref idref="oc-e7"/>
      </symbol>
      <symbol id="sm-7ae">
         <name>SysTick_disableModule</name>
         <value>0x7905</value>
         <object_component_ref idref="oc-e7"/>
      </symbol>
      <symbol id="sm-7af">
         <name>SysTick_disableInterrupt</name>
         <value>0x7935</value>
         <object_component_ref idref="oc-e7"/>
      </symbol>
      <symbol id="sm-7b0">
         <name>SysTick_getPeriod</name>
         <value>0x7953</value>
         <object_component_ref idref="oc-e7"/>
      </symbol>
      <symbol id="sm-7b1">
         <name>SysTick_registerInterrupt</name>
         <value>0x7911</value>
         <object_component_ref idref="oc-e7"/>
      </symbol>
      <symbol id="sm-7b2">
         <name>SysTick_getValue</name>
         <value>0x795b</value>
         <object_component_ref idref="oc-e7"/>
      </symbol>
      <symbol id="sm-7b3">
         <name>SysTick_enableInterrupt</name>
         <value>0x7929</value>
         <object_component_ref idref="oc-e7"/>
      </symbol>
      <symbol id="sm-7b4">
         <name>SysTick_unregisterInterrupt</name>
         <value>0x791f</value>
         <object_component_ref idref="oc-e7"/>
      </symbol>
      <symbol id="sm-7b5">
         <name>SysTick_enableModule</name>
         <value>0x78f9</value>
         <object_component_ref idref="oc-e7"/>
      </symbol>
      <symbol id="sm-809">
         <name>UART_unregisterInterrupt</name>
         <value>0x6925</value>
         <object_component_ref idref="oc-d2"/>
      </symbol>
      <symbol id="sm-80a">
         <name>UART_enableInterrupt</name>
         <value>0x67a1</value>
         <object_component_ref idref="oc-d2"/>
      </symbol>
      <symbol id="sm-80b">
         <name>UART_receiveData</name>
         <value>0x6677</value>
         <object_component_ref idref="oc-d2"/>
      </symbol>
      <symbol id="sm-80c">
         <name>UART_enableModule</name>
         <value>0x669d</value>
         <object_component_ref idref="oc-d2"/>
      </symbol>
      <symbol id="sm-80d">
         <name>UART_disableModule</name>
         <value>0x66b3</value>
         <object_component_ref idref="oc-d2"/>
      </symbol>
      <symbol id="sm-80e">
         <name>UART_getEnabledInterruptStatus</name>
         <value>0x682d</value>
         <object_component_ref idref="oc-d2"/>
      </symbol>
      <symbol id="sm-80f">
         <name>UART_transmitData</name>
         <value>0x664d</value>
         <object_component_ref idref="oc-d2"/>
      </symbol>
      <symbol id="sm-810">
         <name>UART_transmitBreak</name>
         <value>0x6723</value>
         <object_component_ref idref="oc-d2"/>
      </symbol>
      <symbol id="sm-811">
         <name>UART_registerInterrupt</name>
         <value>0x68a9</value>
         <object_component_ref idref="oc-d2"/>
      </symbol>
      <symbol id="sm-812">
         <name>UART_selectDeglitchTime</name>
         <value>0x6785</value>
         <object_component_ref idref="oc-d2"/>
      </symbol>
      <symbol id="sm-813">
         <name>UART_getInterruptStatus</name>
         <value>0x6811</value>
         <object_component_ref idref="oc-d2"/>
      </symbol>
      <symbol id="sm-814">
         <name>UART_getReceiveBufferAddressForDMA</name>
         <value>0x6769</value>
         <object_component_ref idref="oc-d2"/>
      </symbol>
      <symbol id="sm-815">
         <name>UART_getTransmitBufferAddressForDMA</name>
         <value>0x6777</value>
         <object_component_ref idref="oc-d2"/>
      </symbol>
      <symbol id="sm-816">
         <name>UART_initModule</name>
         <value>0x6565</value>
         <object_component_ref idref="oc-d2"/>
      </symbol>
      <symbol id="sm-817">
         <name>UART_transmitAddress</name>
         <value>0x6705</value>
         <object_component_ref idref="oc-d2"/>
      </symbol>
      <symbol id="sm-818">
         <name>UART_clearInterruptFlag</name>
         <value>0x6889</value>
         <object_component_ref idref="oc-d2"/>
      </symbol>
      <symbol id="sm-819">
         <name>UART_queryStatusFlags</name>
         <value>0x66c9</value>
         <object_component_ref idref="oc-d2"/>
      </symbol>
      <symbol id="sm-81a">
         <name>UART_disableInterrupt</name>
         <value>0x67d9</value>
         <object_component_ref idref="oc-d2"/>
      </symbol>
      <symbol id="sm-81b">
         <name>UART_setDormant</name>
         <value>0x66dd</value>
         <object_component_ref idref="oc-d2"/>
      </symbol>
      <symbol id="sm-81c">
         <name>UART_resetDormant</name>
         <value>0x66f1</value>
         <object_component_ref idref="oc-d2"/>
      </symbol>
      <symbol id="sm-82e">
         <name>_c_int00</name>
         <value>0x7b75</value>
         <object_component_ref idref="oc-24"/>
      </symbol>
      <symbol id="sm-82f">
         <name>__stack</name>
         <value>0x2000fe00</value>
         <object_component_ref idref="oc-2d"/>
      </symbol>
      <symbol id="sm-846">
         <name>__TI_decompress_none</name>
         <value>0x7e85</value>
         <object_component_ref idref="oc-12"/>
      </symbol>
      <symbol id="sm-869">
         <name>__TI_decompress_rle24</name>
         <value>0x7e9f</value>
         <object_component_ref idref="oc-18"/>
      </symbol>
      <symbol id="sm-88b">
         <name>C$$EXIT</name>
         <value>0x7bc9</value>
         <object_component_ref idref="oc-6b"/>
      </symbol>
      <symbol id="sm-88c">
         <name>abort</name>
         <value>0x7bcd</value>
         <object_component_ref idref="oc-6b"/>
      </symbol>
      <symbol id="sm-88d">
         <name>exit</name>
         <value>0x7bd5</value>
         <object_component_ref idref="oc-6b"/>
      </symbol>
      <symbol id="sm-88e">
         <name>__TI_dtors_ptr</name>
         <value>0x20000888</value>
         <object_component_ref idref="oc-ae"/>
      </symbol>
      <symbol id="sm-88f">
         <name>__TI_cleanup_ptr</name>
         <value>0x20000884</value>
         <object_component_ref idref="oc-ae"/>
      </symbol>
      <symbol id="sm-890">
         <name>__TI_enable_exit_profile_output</name>
         <value>0x2000088c</value>
         <object_component_ref idref="oc-ae"/>
      </symbol>
      <symbol id="sm-8ab">
         <name>memcpy</name>
         <value>0x76d5</value>
         <object_component_ref idref="oc-2e"/>
      </symbol>
      <symbol id="sm-8ac">
         <name>__aeabi_memcpy</name>
         <value>0x76d5</value>
         <object_component_ref idref="oc-2e"/>
      </symbol>
      <symbol id="sm-8ad">
         <name>__aeabi_memcpy8</name>
         <value>0x76d5</value>
         <object_component_ref idref="oc-2e"/>
      </symbol>
      <symbol id="sm-8ae">
         <name>__aeabi_memcpy4</name>
         <value>0x76d5</value>
         <object_component_ref idref="oc-2e"/>
      </symbol>
      <symbol id="sm-8bd">
         <name>__aeabi_memset</name>
         <value>0x787f</value>
         <object_component_ref idref="oc-47"/>
      </symbol>
      <symbol id="sm-8be">
         <name>memset</name>
         <value>0x7885</value>
         <object_component_ref idref="oc-47"/>
      </symbol>
      <symbol id="sm-8bf">
         <name>__aeabi_memset8</name>
         <value>0x787f</value>
         <object_component_ref idref="oc-47"/>
      </symbol>
      <symbol id="sm-8c0">
         <name>__aeabi_memset4</name>
         <value>0x787f</value>
         <object_component_ref idref="oc-47"/>
      </symbol>
      <symbol id="sm-8c1">
         <name>__aeabi_memclr8</name>
         <value>0x787d</value>
         <object_component_ref idref="oc-47"/>
      </symbol>
      <symbol id="sm-8c2">
         <name>__aeabi_memclr4</name>
         <value>0x787d</value>
         <object_component_ref idref="oc-47"/>
      </symbol>
      <symbol id="sm-8c3">
         <name>__aeabi_memclr</name>
         <value>0x787d</value>
         <object_component_ref idref="oc-47"/>
      </symbol>
      <symbol id="sm-8cd">
         <name>__mpu_init</name>
         <value>0x78f7</value>
         <object_component_ref idref="oc-53"/>
      </symbol>
      <symbol id="sm-8d7">
         <name>_system_pre_init</name>
         <value>0x7ea5</value>
         <object_component_ref idref="oc-59"/>
      </symbol>
      <symbol id="sm-8f5">
         <name>printf</name>
         <value>0x79e5</value>
         <object_component_ref idref="oc-cc"/>
      </symbol>
      <symbol id="sm-8fd">
         <name>main_func_sp</name>
         <value>0x200008a8</value>
         <object_component_ref idref="oc-71"/>
      </symbol>
      <symbol id="sm-90d">
         <name>strcat</name>
         <value>0x7d99</value>
         <object_component_ref idref="oc-12f"/>
      </symbol>
      <symbol id="sm-91c">
         <name>strcmp</name>
         <value>0x7e05</value>
         <object_component_ref idref="oc-126"/>
      </symbol>
      <symbol id="sm-92a">
         <name>strcpy</name>
         <value>0x7e5d</value>
         <object_component_ref idref="oc-11a"/>
      </symbol>
      <symbol id="sm-938">
         <name>strlen</name>
         <value>0x7e71</value>
         <object_component_ref idref="oc-f3"/>
      </symbol>
      <symbol id="sm-948">
         <name>strncpy</name>
         <value>0x7d3b</value>
         <object_component_ref idref="oc-120"/>
      </symbol>
      <symbol id="sm-961">
         <name>_nop</name>
         <value>0x7e43</value>
         <object_component_ref idref="oc-16d"/>
      </symbol>
      <symbol id="sm-962">
         <name>_lock</name>
         <value>0x2000089c</value>
         <object_component_ref idref="oc-b1"/>
      </symbol>
      <symbol id="sm-963">
         <name>_unlock</name>
         <value>0x200008a0</value>
         <object_component_ref idref="oc-b1"/>
      </symbol>
      <symbol id="sm-964">
         <name>_register_lock</name>
         <value>0x7e3b</value>
         <object_component_ref idref="oc-16d"/>
      </symbol>
      <symbol id="sm-965">
         <name>_register_unlock</name>
         <value>0x7e35</value>
         <object_component_ref idref="oc-16d"/>
      </symbol>
      <symbol id="sm-a71">
         <name>__TI_printfi</name>
         <value>0x3967</value>
         <object_component_ref idref="oc-196"/>
      </symbol>
      <symbol id="sm-a85">
         <name>_args_main</name>
         <value>0x7ded</value>
         <object_component_ref idref="oc-65"/>
      </symbol>
      <symbol id="sm-a9b">
         <name>atoi</name>
         <value>0x7c1d</value>
         <object_component_ref idref="oc-282"/>
      </symbol>
      <symbol id="sm-ac0">
         <name>__TI_auto_init</name>
         <value>0x796d</value>
         <object_component_ref idref="oc-5f"/>
      </symbol>
      <symbol id="sm-ada">
         <name>copy_in</name>
         <value>0x7c69</value>
         <object_component_ref idref="oc-9e"/>
      </symbol>
      <symbol id="sm-ae5">
         <name>_ctypes_</name>
         <value>0x80b2</value>
         <object_component_ref idref="oc-2f4"/>
      </symbol>
      <symbol id="sm-af1">
         <name>_ftable</name>
         <value>0x20000638</value>
         <object_component_ref idref="oc-19c"/>
      </symbol>
      <symbol id="sm-b08">
         <name>__aeabi_dsub</name>
         <value>0x7145</value>
         <object_component_ref idref="oc-265"/>
      </symbol>
      <symbol id="sm-b09">
         <name>__aeabi_dadd</name>
         <value>0x714f</value>
         <object_component_ref idref="oc-265"/>
      </symbol>
      <symbol id="sm-b2b">
         <name>__aeabi_cdcmpeq</name>
         <value>0x7771</value>
         <object_component_ref idref="oc-241"/>
      </symbol>
      <symbol id="sm-b2c">
         <name>__aeabi_cdcmple</name>
         <value>0x7771</value>
         <object_component_ref idref="oc-241"/>
      </symbol>
      <symbol id="sm-b2d">
         <name>__aeabi_cdrcmple</name>
         <value>0x77f7</value>
         <object_component_ref idref="oc-250"/>
      </symbol>
      <symbol id="sm-b41">
         <name>__aeabi_ddiv</name>
         <value>0x72fb</value>
         <object_component_ref idref="oc-24b"/>
      </symbol>
      <symbol id="sm-b4c">
         <name>__aeabi_dmul</name>
         <value>0x7431</value>
         <object_component_ref idref="oc-246"/>
      </symbol>
      <symbol id="sm-b56">
         <name>__aeabi_d2iz</name>
         <value>0x7cb5</value>
         <object_component_ref idref="oc-255"/>
      </symbol>
      <symbol id="sm-b60">
         <name>__aeabi_i2d</name>
         <value>0x7d6b</value>
         <object_component_ref idref="oc-260"/>
      </symbol>
      <symbol id="sm-b6f">
         <name>ltoa</name>
         <value>0x7b1d</value>
         <object_component_ref idref="oc-25a"/>
      </symbol>
      <symbol id="sm-b7f">
         <name>memccpy</name>
         <value>0x7db7</value>
         <object_component_ref idref="oc-27c"/>
      </symbol>
      <symbol id="sm-b9a">
         <name>frexpl</name>
         <value>0x7ab9</value>
         <object_component_ref idref="oc-26a"/>
      </symbol>
      <symbol id="sm-b9b">
         <name>frexp</name>
         <value>0x7ab9</value>
         <object_component_ref idref="oc-26a"/>
      </symbol>
      <symbol id="sm-bb8">
         <name>scalbn</name>
         <value>0x752d</value>
         <object_component_ref idref="oc-270"/>
      </symbol>
      <symbol id="sm-bb9">
         <name>scalbnl</name>
         <value>0x752d</value>
         <object_component_ref idref="oc-270"/>
      </symbol>
      <symbol id="sm-bba">
         <name>ldexpl</name>
         <value>0x752d</value>
         <object_component_ref idref="oc-270"/>
      </symbol>
      <symbol id="sm-bbb">
         <name>ldexp</name>
         <value>0x752d</value>
         <object_component_ref idref="oc-270"/>
      </symbol>
      <symbol id="sm-bc5">
         <name>_system_post_cinit</name>
         <value>0x7ab7</value>
         <object_component_ref idref="oc-a4"/>
      </symbol>
      <symbol id="sm-bd5">
         <name>strchr</name>
         <value>0x7e1d</value>
         <object_component_ref idref="oc-276"/>
      </symbol>
      <symbol id="sm-bf1">
         <name>__aeabi_uldivmod</name>
         <value>0x6d81</value>
         <object_component_ref idref="oc-23c"/>
      </symbol>
      <symbol id="sm-bf9">
         <name>errno</name>
         <value>0x200008a4</value>
         <object_component_ref idref="oc-2eb"/>
      </symbol>
      <symbol id="sm-c03">
         <name>copysign</name>
         <value>0x7e49</value>
         <object_component_ref idref="oc-2e5"/>
      </symbol>
      <symbol id="sm-c04">
         <name>copysignl</name>
         <value>0x7e49</value>
         <object_component_ref idref="oc-2e5"/>
      </symbol>
      <symbol id="sm-c05">
         <name>__TI_static_base__</name>
         <value>0x0</value>
      </symbol>
      <symbol id="sm-c08">
         <name>SHT$$INIT_ARRAY$$Limit</name>
         <value>0x0</value>
      </symbol>
      <symbol id="sm-c09">
         <name>SHT$$INIT_ARRAY$$Base</name>
         <value>0x0</value>
      </symbol>
   </symbol_table>
   <title>Link successful</title>
</link_info>
