******************************************************************************
                  TI ARM Linker PC v15.12.0                    
******************************************************************************
>> Linked Sat Feb 27 16:19:41 2016

OUTPUT FILE NAME:   <test.out>
ENTRY POINT SYMBOL: "_c_int00"  address: 00007b75


MEMORY CONFIGURATION

         name            origin    length      used     unused   attr    fill
----------------------  --------  ---------  --------  --------  ----  --------
  MAIN                  00000000   00040000  00008444  00037bbc  R  X
  INFO                  00200000   00004000  00000000  00004000  R  X
  SRAM_CODE             01000000   00010000  00000000  00010000  RW X
  SRAM_DATA             20000000   00010000  00000aaa  0000f556  RW  


SEGMENT ALLOCATION MAP

run origin  load origin   length   init length attrs members
----------  ----------- ---------- ----------- ----- -------
00000000    00000000    00008444   00008444    r-x
  00000000    00000000    00000144   00000144    r-- .intvecs
  00000144    00000144    00007d64   00007d64    r-x .text
  00007ea8    00007ea8    00000428   00000428    r-- .const
  000082d0    000082d0    00000174   00000174    r-- .cinit
20000000    20000000    000008ac   00000000    rw-
  20000000    20000000    000000e4   00000000    rw- .vtable
  200000e4    200000e4    00000552   00000000    rw- .bss
  20000638    20000638    00000274   00000000    rw- .data
2000fe00    2000fe00    00000200   00000000    rw-
  2000fe00    2000fe00    00000200   00000000    rw- .stack


SECTION ALLOCATION MAP

 output                                  attributes/
section   page    origin      length       input sections
--------  ----  ----------  ----------   ----------------
.intvecs   0    00000000    00000144     
                  00000000    00000144     msp432_startup_ccs.obj (.intvecs:retain)

.text      0    00000144    00007d64     
                  00000144    00002a18     ff.obj (.text)
                  00002b5c    00001110     rtsv7M4_T_le_v4SPD16_eabi.lib : _printfi.obj (.text)
                  00003c6c    00000b58     cs.obj (.text)
                  000047c4    00000890     spi.obj (.text)
                  00005054    00000880     mmc-msp432P401r.obj (.text)
                  000058d4    00000808     main.obj (.text)
                  000060dc    00000488     gpio.obj (.text)
                  00006564    0000042c     uart.obj (.text)
                  00006990    000003f0     interrupt.obj (.text)
                  00006d80    000001f4     rtsv7M4_T_le_v4SPD16_eabi.lib : ull_div_t2.obj (.text)
                  00006f74    000001d0     sysctl.obj (.text)
                  00007144    000001b6     rtsv7M4_T_le_v4SPD16_eabi.lib : fd_add_t2.obj (.text)
                  000072fa    00000136                                   : fd_div_t2.obj (.text)
                  00007430    000000fc                                   : fd_mul_t2.obj (.text)
                  0000752c    000000fc                                   : s_scalbn.obj (.text)
                  00007628    000000ac     cmdline.obj (.text)
                  000076d4    0000009c     rtsv7M4_T_le_v4SPD16_eabi.lib : memcpy_t2.obj (.text)
                  00007770    00000086                                   : fd_cmp_t2.obj (.text:__aeabi_cdcmple)
                  000077f6    00000086                                   : fd_cmp_t2.obj (.text:__aeabi_cdrcmple)
                  0000787c    0000007a                                   : memset_t2.obj (.text)
                  000078f6    00000002                                   : mpu_init.obj (.text)
                  000078f8    00000074     systick.obj (.text)
                  0000796c    00000070     rtsv7M4_T_le_v4SPD16_eabi.lib : autoinit.obj (.text)
                  000079dc    00000070                                   : printf.obj (.text)
                  00007a4c    0000006a                                   : copy_decompress_rle.obj (.text)
                  00007ab6    00000002                                   : startup.obj (.text)
                  00007ab8    00000064                                   : s_frexp.obj (.text)
                  00007b1c    00000056                                   : ltoa.obj (.text)
                  00007b72    00000002     --HOLE-- [fill = 0]
                  00007b74    00000054                                   : boot.obj (.text)
                  00007bc8    00000054                                   : exit.obj (.text)
                  00007c1c    0000004c                                   : atoi.obj (.text)
                  00007c68    0000004c                                   : cpy_tbl.obj (.text)
                  00007cb4    00000048                                   : fd_toi_t2.obj (.text)
                  00007cfc    0000003e     cpu.obj (.text)
                  00007d3a    00000030     rtsv7M4_T_le_v4SPD16_eabi.lib : strncpy.obj (.text)
                  00007d6a    0000002e                                   : i_tofd_t2.obj (.text)
                  00007d98    0000001e                                   : strcat.obj (.text)
                  00007db6    0000001c                                   : memccpy.obj (.text)
                  00007dd2    00000018     printfOverride.obj (.text)
                  00007dea    00000002     --HOLE-- [fill = 0]
                  00007dec    00000018     rtsv7M4_T_le_v4SPD16_eabi.lib : args_main.obj (.text)
                  00007e04    00000018                                   : strcmp.obj (.text)
                  00007e1c    00000016                                   : strchr.obj (.text)
                  00007e32    00000002     --HOLE-- [fill = 0]
                  00007e34    00000014                                   : _lock.obj (.text)
                  00007e48    00000014                                   : s_copysign.obj (.text)
                  00007e5c    00000014                                   : strcpy.obj (.text)
                  00007e70    00000014                                   : strlen.obj (.text)
                  00007e84    0000000e                                   : copy_decompress_none.obj (.text:decompress:none)
                  00007e92    0000000c     msp432_startup_ccs.obj (.text)
                  00007e9e    00000006     rtsv7M4_T_le_v4SPD16_eabi.lib : copy_decompress_rle.obj (.text:decompress:rle24)
                  00007ea4    00000004                                   : pre_init.obj (.text)

.const     0    00007ea8    00000428     
                  00007ea8    0000020a     main.obj (.const:.string)
                  000080b2    00000101     rtsv7M4_T_le_v4SPD16_eabi.lib : ctype.obj (.const:.string:_ctypes_)
                  000081b3    00000001     --HOLE-- [fill = 0]
                  000081b4    00000050     interrupt.obj (.const:g_pulRegs)
                  00008204    00000030     gpio.obj (.const:GPIO_PORT_TO_BASE)
                  00008234    00000024     main.obj (.const:uartConfig)
                  00008258    00000020     interrupt.obj (.const:g_pulPriority)
                  00008278    0000001c     gpio.obj (.const:GPIO_PORT_TO_INT)
                  00008294    0000001c     main.obj (.const:spiMasterConfig)
                  000082b0    00000008     interrupt.obj (.const:g_pulDisRegs)
                  000082b8    00000008     interrupt.obj (.const:g_pulEnRegs)
                  000082c0    00000008     interrupt.obj (.const:g_pulPendRegs)
                  000082c8    00000008     interrupt.obj (.const:g_pulUnpendRegs)

.cinit     0    000082d0    00000174     
                  000082d0    00000134     (.cinit..data.load) [load image, compression = rle]
                  00008404    00000004     --HOLE-- [fill = 0]
                  00008408    0000000b     (.cinit..bss.load) [load image, compression = rle]
                  00008413    00000005     --HOLE-- [fill = 0]
                  00008418    00000009     (.cinit..vtable.load) [load image, compression = rle]
                  00008421    00000003     --HOLE-- [fill = 0]
                  00008424    00000008     (__TI_handler_table)
                  0000842c    00000018     (__TI_cinit_table)

.init_array 
*          0    00000000    00000000     UNINITIALIZED

.vtable    0    20000000    000000e4     UNINITIALIZED
                  20000000    000000e4     interrupt.obj (.vtable)

.bss       0    200000e4    00000552     UNINITIALIZED
                  200000e4    00000234     main.obj (.bss:g_sFatFs)
                  20000318    00000224     main.obj (.bss:g_sFileObject)
                  2000053c    00000050     main.obj (.bss:g_pcTmpBuf)
                  2000058c    00000040     main.obj (.bss:g_pcCmdBuf)
                  200005cc    00000024     cmdline.obj (.bss:g_ppcArgv)
                  200005f0    0000001c     main.obj (.bss:g_sDirObject)
                  2000060c    00000018     main.obj (.bss:g_sFileInfo)
                  20000624    00000008     cs.obj (.bss)
                  2000062c    00000004     ff.obj (.bss:FatFs)
                  20000630    00000003     mmc-msp432P401r.obj (.bss)
                  20000633    00000001     --HOLE--
                  20000634    00000002     ff.obj (.bss)

.data      0    20000638    00000274     UNINITIALIZED
                  20000638    000000f0     rtsv7M4_T_le_v4SPD16_eabi.lib : defs.obj (.data:_ftable)
                  20000728    000000a0     main.obj (.data:g_psFResultStrings)
                  200007c8    0000006c     main.obj (.data:g_psCmdTable)
                  20000834    00000050     main.obj (.data:g_pcCwdBuf)
                  20000884    0000000c     rtsv7M4_T_le_v4SPD16_eabi.lib : exit.obj (.data:$O1$$)
                  20000890    00000009     main.obj (.data)
                  20000899    00000002     mmc-msp432P401r.obj (.data)
                  2000089b    00000001     --HOLE--
                  2000089c    00000008     rtsv7M4_T_le_v4SPD16_eabi.lib : _lock.obj (.data:$O1$$)
                  200008a4    00000004                                   : errno.obj (.data)
                  200008a8    00000004                                   : stkdepth_vars.obj (.data)

.stack     0    2000fe00    00000200     UNINITIALIZED
                  2000fe00    00000200     --HOLE--

MODULE SUMMARY

       Module                     code    ro data   rw data
       ------                     ----    -------   -------
    .\
       main.obj                   2056    586       1665   
       msp432_startup_ccs.obj     12      324       0      
       printfOverride.obj         24      0         0      
    +--+--------------------------+-------+---------+---------+
       Total:                     2092    910       1665   
                                                           
    .\driverlib\MSP432P4xx\
       cs.obj                     2904    0         8      
       spi.obj                    2192    0         0      
       interrupt.obj              1008    144       228    
       gpio.obj                   1160    76        0      
       uart.obj                   1068    0         0      
       sysctl.obj                 464     0         0      
       systick.obj                116     0         0      
       cpu.obj                    62      0         0      
    +--+--------------------------+-------+---------+---------+
       Total:                     8974    220       236    
                                                           
    .\third_party\fatfs\port\
       mmc-msp432P401r.obj        2176    0         5      
    +--+--------------------------+-------+---------+---------+
       Total:                     2176    0         5      
                                                           
    .\third_party\fatfs\src\
       ff.obj                     10776   0         6      
    +--+--------------------------+-------+---------+---------+
       Total:                     10776   0         6      
                                                           
    .\utils\
       cmdline.obj                172     0         36     
    +--+--------------------------+-------+---------+---------+
       Total:                     172     0         36     
                                                           
    C:\ti\ccsv6\tools\compiler\ti-cgt-arm_15.12.0.LTS\lib\rtsv7M4_T_le_v4SPD16_eabi.lib
       _printfi.obj               4368    0         0      
       ull_div_t2.obj             500     0         0      
       fd_add_t2.obj              438     0         0      
       fd_div_t2.obj              310     0         0      
       fd_cmp_t2.obj              268     0         0      
       ctype.obj                  0       257       0      
       fd_mul_t2.obj              252     0         0      
       s_scalbn.obj               252     0         0      
       defs.obj                   0       0         240    
       memcpy_t2.obj              156     0         0      
       memset_t2.obj              122     0         0      
       autoinit.obj               112     0         0      
       copy_decompress_rle.obj    112     0         0      
       printf.obj                 112     0         0      
       s_frexp.obj                100     0         0      
       exit.obj                   84      0         12     
       ltoa.obj                   86      0         0      
       boot.obj                   84      0         0      
       atoi.obj                   76      0         0      
       cpy_tbl.obj                76      0         0      
       fd_toi_t2.obj              72      0         0      
       strncpy.obj                48      0         0      
       i_tofd_t2.obj              46      0         0      
       strcat.obj                 30      0         0      
       _lock.obj                  20      0         8      
       memccpy.obj                28      0         0      
       args_main.obj              24      0         0      
       strcmp.obj                 24      0         0      
       strchr.obj                 22      0         0      
       s_copysign.obj             20      0         0      
       strcpy.obj                 20      0         0      
       strlen.obj                 20      0         0      
       copy_decompress_none.obj   14      0         0      
       errno.obj                  0       0         4      
       pre_init.obj               4       0         0      
       stkdepth_vars.obj          0       0         4      
       mpu_init.obj               2       0         0      
       startup.obj                2       0         0      
    +--+--------------------------+-------+---------+---------+
       Total:                     7904    257       268    
                                                           
       Stack:                     0       0         512    
       Linker Generated:          0       360       0      
    +--+--------------------------+-------+---------+---------+
       Grand Total:               32094   1747      2728   


LINKER GENERATED COPY TABLES

__TI_cinit_table @ 0000842c records: 3, size/record: 8, table size: 24
	.data: load addr=000082d0, load size=00000134 bytes, run addr=20000638, run size=00000274 bytes, compression=rle
	.bss: load addr=00008408, load size=0000000b bytes, run addr=200000e4, run size=00000552 bytes, compression=rle
	.vtable: load addr=00008418, load size=00000009 bytes, run addr=20000000, run size=000000e4 bytes, compression=rle


LINKER GENERATED HANDLER TABLE

__TI_handler_table @ 00008424 records: 2, size/record: 4, table size: 8
	index: 0, handler: __TI_decompress_rle24
	index: 1, handler: __TI_decompress_none


GLOBAL SYMBOLS: SORTED ALPHABETICALLY BY Name 

address   name                                       
-------   ----                                       
00007bc9  C$$EXIT                                    
00007d31  CPU_basepriGet                             
00007d23  CPU_basepriSet                             
00007cfd  CPU_cpsid                                  
00007d13  CPU_cpsie                                  
00007d09  CPU_primask                                
00007d1f  CPU_wfi                                    
00004729  CS_clearInterruptFlag                      
000041ff  CS_disableClockRequest                     
00004279  CS_disableDCOExternalResistor              
0000460f  CS_disableFaultCounter                     
000046df  CS_disableInterrupt                        
000041dd  CS_enableClockRequest                      
0000424f  CS_enableDCOExternalResistor               
000045e3  CS_enableFaultCounter                      
000046bd  CS_enableInterrupt                         
0000456d  CS_getACLK                                 
00004525  CS_getBCLK                                 
00004325  CS_getDCOFrequency                         
00004707  CS_getEnabledInterruptStatus               
00004541  CS_getHSMCLK                               
00004701  CS_getInterruptStatus                      
000045c1  CS_getMCLK                                 
00004599  CS_getSMCLK                                
00003f25  CS_initClockSignal                         
00004755  CS_registerInterrupt                       
0000463b  CS_resetFaultCounter                       
00004299  CS_setDCOCenteredFrequency                 
00004269  CS_setDCOExternalResistorCalibration       
000043f9  CS_setDCOFrequency                         
00003ee9  CS_setExternalClockSourceFrequency         
0000422d  CS_setReferenceOscillatorFrequency         
00004679  CS_startFaultCounter                       
00004029  CS_startHFXT                               
0000404d  CS_startHFXTWithTimeout                    
00004105  CS_startLFXT                               
00004129  CS_startLFXTWithTimeout                    
000042cd  CS_tuneDCOFrequency                        
00004771  CS_unregisterInterrupt                     
00007629  CmdLineProcess                             
00005fd7  Cmd_cat                                    
00005e65  Cmd_cd                                     
00005b8d  Cmd_help                                   
00005c0d  Cmd_ls                                     
00005f51  Cmd_pwd                                    
00004f1f  EUSCI_A_SPI_changeClockPhasePolarity       
00004fd3  EUSCI_A_SPI_clearInterruptFlag             
00005003  EUSCI_A_SPI_disable                        
00004fa1  EUSCI_A_SPI_disableInterrupt               
00004fed  EUSCI_A_SPI_enable                         
00004f87  EUSCI_A_SPI_enableInterrupt                
00004fbb  EUSCI_A_SPI_getInterruptStatus             
00005019  EUSCI_A_SPI_getReceiveBufferAddressForDMA  
00005027  EUSCI_A_SPI_getTransmitBufferAddressForDMA 
00005035  EUSCI_A_SPI_isBusy                         
00004e9f  EUSCI_A_SPI_masterChangeClock              
00004f77  EUSCI_A_SPI_receiveData                    
00004e7f  EUSCI_A_SPI_select4PinFunctionality        
00004ed5  EUSCI_A_SPI_slaveInit                      
00004f61  EUSCI_A_SPI_transmitData                   
00004d51  EUSCI_B_SPI_changeClockPhasePolarity       
00004e05  EUSCI_B_SPI_clearInterruptFlag             
00004e35  EUSCI_B_SPI_disable                        
00004dd3  EUSCI_B_SPI_disableInterrupt               
00004e1f  EUSCI_B_SPI_enable                         
00004db9  EUSCI_B_SPI_enableInterrupt                
00004ded  EUSCI_B_SPI_getInterruptStatus             
00004e4b  EUSCI_B_SPI_getReceiveBufferAddressForDMA  
00004e59  EUSCI_B_SPI_getTransmitBufferAddressForDMA 
00004e67  EUSCI_B_SPI_isBusy                         
00004cd5  EUSCI_B_SPI_masterChangeClock              
00004da9  EUSCI_B_SPI_receiveData                    
00004cb5  EUSCI_B_SPI_select4PinFunctionality        
00004d07  EUSCI_B_SPI_slaveInit                      
00004d93  EUSCI_B_SPI_transmitData                   
00005951  EusciA0_ISR                                
00006407  GPIO_clearInterruptFlag                    
000063c7  GPIO_disableInterrupt                      
000063a5  GPIO_enableInterrupt                       
0000645f  GPIO_getEnabledInterruptStatus             
0000636f  GPIO_getInputPinValue                      
000063e9  GPIO_getInterruptStatus                    
00006429  GPIO_interruptEdgeSelect                   
0000651f  GPIO_registerInterrupt                     
00006117  GPIO_setAsInputPin                         
000062cb  GPIO_setAsInputPinWithPullDownResistor     
0000631d  GPIO_setAsInputPinWithPullUpResistor       
000060dd  GPIO_setAsOutputPin                        
000061e1  GPIO_setAsPeripheralModuleFunctionInputPin 
0000615d  GPIO_setAsPeripheralModuleFunctionOutputPin
000064db  GPIO_setDriveStrengthHigh                  
000064fd  GPIO_setDriveStrengthLow                   
00006265  GPIO_setOutputHighOnPin                    
00006287  GPIO_setOutputLowOnPin                     
000062a9  GPIO_toggleOutputOnPin                     
0000653f  GPIO_unregisterInterrupt                   
00006b53  Interrupt_disableInterrupt                 
000069a3  Interrupt_disableMaster                    
00006d51  Interrupt_disableSleepOnIsrExit            
00006ae1  Interrupt_enableInterrupt                  
00006993  Interrupt_enableMaster                     
00006d3f  Interrupt_enableSleepOnIsrExit             
00006abb  Interrupt_getPriority                      
00006a33  Interrupt_getPriorityGrouping              
00006d1f  Interrupt_getPriorityMask                  
00006d39  Interrupt_getVectorTableAddress            
00006bc5  Interrupt_isEnabled                        
00006c51  Interrupt_pendInterrupt                    
000069b3  Interrupt_registerInterrupt                
00006a6b  Interrupt_setPriority                      
00006a19  Interrupt_setPriorityGrouping              
00006d0f  Interrupt_setPriorityMask                  
00006d29  Interrupt_setVectorTableAddress            
00006cc1  Interrupt_unpendInterrupt                  
00006a05  Interrupt_unregisterInterrupt              
UNDEFED   SHT$$INIT_ARRAY$$Base                      
UNDEFED   SHT$$INIT_ARRAY$$Limit                     
00004971  SPI_changeClockPhasePolarity               
000048cb  SPI_changeMasterClock                      
00004b25  SPI_clearInterruptFlag                     
00004aa7  SPI_disableInterrupt                       
000049ff  SPI_disableModule                          
00004a81  SPI_enableInterrupt                        
000049e3  SPI_enableModule                           
00004af5  SPI_getEnabledInterruptStatus              
00004acd  SPI_getInterruptStatus                     
00004a1b  SPI_getReceiveBufferAddressForDMA          
00004a37  SPI_getTransmitBufferAddressForDMA         
000047f5  SPI_initMaster                             
000048f3  SPI_initSlave                              
00004a59  SPI_isBusy                                 
000049c7  SPI_receiveData                            
00004b4b  SPI_registerInterrupt                      
000048a5  SPI_selectFourPinFunctionality             
000049a1  SPI_transmitData                           
00004c09  SPI_unregisterInterrupt                    
000058d5  StringFromFResult                          
000070f9  SysCtl_disableGlitchFilter                 
00006f81  SysCtl_disableNMISource                    
00007091  SysCtl_disablePeripheralAtCPUHalt          
00006fcd  SysCtl_disableSRAMBank                     
00007055  SysCtl_disableSRAMBankRetention            
000070ed  SysCtl_enableGlitchFilter                  
00006f95  SysCtl_enableNMISource                     
0000707d  SysCtl_enablePeripheralAtCPUHalt           
00006faf  SysCtl_enableSRAMBank                      
00007037  SysCtl_enableSRAMBankRetention             
00006f7b  SysCtl_getFlashSize                        
00006fa9  SysCtl_getNMISourceStatus                  
00006f75  SysCtl_getSRAMSize                         
00007105  SysCtl_getTempCalibrationConstant          
00007073  SysCtl_rebootDevice                        
000070c9  SysCtl_setWDTPasswordViolationResetType    
000070a5  SysCtl_setWDTTimeoutResetType              
00005941  SysTick_ISR                                
00007935  SysTick_disableInterrupt                   
00007905  SysTick_disableModule                      
00007929  SysTick_enableInterrupt                    
000078f9  SysTick_enableModule                       
00007953  SysTick_getPeriod                          
0000795b  SysTick_getValue                           
00007911  SysTick_registerInterrupt                  
00007941  SysTick_setPeriod                          
0000791f  SysTick_unregisterInterrupt                
00006889  UART_clearInterruptFlag                    
000067d9  UART_disableInterrupt                      
000066b3  UART_disableModule                         
000067a1  UART_enableInterrupt                       
0000669d  UART_enableModule                          
0000682d  UART_getEnabledInterruptStatus             
00006811  UART_getInterruptStatus                    
00006769  UART_getReceiveBufferAddressForDMA         
00006777  UART_getTransmitBufferAddressForDMA        
00006565  UART_initModule                            
000066c9  UART_queryStatusFlags                      
00006677  UART_receiveData                           
000068a9  UART_registerInterrupt                     
000066f1  UART_resetDormant                          
00006785  UART_selectDeglitchTime                    
000066dd  UART_setDormant                            
00006705  UART_transmitAddress                       
00006723  UART_transmitBreak                         
0000664d  UART_transmitData                          
00006925  UART_unregisterInterrupt                   
4000480c  WDTCTL_SYM                                 
20010000  __STACK_END                                
00000200  __STACK_SIZE                               
0000842c  __TI_CINIT_Base                            
00008444  __TI_CINIT_Limit                           
00008424  __TI_Handler_Table_Base                    
0000842c  __TI_Handler_Table_Limit                   
0000796d  __TI_auto_init                             
20000884  __TI_cleanup_ptr                           
00007e85  __TI_decompress_none                       
00007e9f  __TI_decompress_rle24                      
20000888  __TI_dtors_ptr                             
2000088c  __TI_enable_exit_profile_output            
ffffffff  __TI_pprof_out_hndl                        
00003967  __TI_printfi                               
ffffffff  __TI_prof_data_size                        
ffffffff  __TI_prof_data_start                       
00000000  __TI_static_base__                         
00007771  __aeabi_cdcmpeq                            
00007771  __aeabi_cdcmple                            
000077f7  __aeabi_cdrcmple                           
00007cb5  __aeabi_d2iz                               
0000714f  __aeabi_dadd                               
000072fb  __aeabi_ddiv                               
00007431  __aeabi_dmul                               
00007145  __aeabi_dsub                               
00007d6b  __aeabi_i2d                                
0000787d  __aeabi_memclr                             
0000787d  __aeabi_memclr4                            
0000787d  __aeabi_memclr8                            
000076d5  __aeabi_memcpy                             
000076d5  __aeabi_memcpy4                            
000076d5  __aeabi_memcpy8                            
0000787f  __aeabi_memset                             
0000787f  __aeabi_memset4                            
0000787f  __aeabi_memset8                            
00006d81  __aeabi_uldivmod                           
ffffffff  __binit__                                  
ffffffff  __c_args__                                 
000078f7  __mpu_init                                 
2000fe00  __stack                                    
00007ded  _args_main                                 
00007b75  _c_int00                                   
000080b2  _ctypes_                                   
20000638  _ftable                                    
2000089c  _lock                                      
00007e43  _nop                                       
00007e3b  _register_lock                             
00007e35  _register_unlock                           
00007ab7  _system_post_cinit                         
00007ea5  _system_pre_init                           
200008a0  _unlock                                    
00007bcd  abort                                      
00007c1d  atoi                                       
ffffffff  binit                                      
000003dd  clust2sect                                 
00007c69  copy_in                                    
00007e49  copysign                                   
00007e49  copysignl                                  
00005319  disk_initialize                            
00005679  disk_ioctl                                 
000054d7  disk_read                                  
000054bd  disk_status                                
0000587b  disk_timerproc                             
00005587  disk_write                                 
200008a4  errno                                      
00007bd5  exit                                       
000028f1  f_chmod                                    
00001fb9  f_close                                    
000023b3  f_getfree                                  
00001fd9  f_lseek                                    
0000270b  f_mkdir                                    
0000175b  f_mount                                    
000017b1  f_open                                     
00002227  f_opendir                                  
000019c5  f_read                                     
000022d7  f_readdir                                  
00002a05  f_rename                                   
00002363  f_stat                                     
00001ebd  f_sync                                     
00002515  f_truncate                                 
00002609  f_unlink                                   
00002981  f_utime                                    
00001c19  f_write                                    
00007dd3  fputc                                      
00007ddf  fputs                                      
00007ab9  frexp                                      
00007ab9  frexpl                                     
20000000  g_pfnRAMVectors                            
200007c8  g_psCmdTable                               
20000728  g_psFResultStrings                         
0000040d  get_fat                                    
000058bf  get_fattime                                
20000890  gucCommandReady                            
00000000  interruptVectors                           
0000752d  ldexp                                      
0000752d  ldexpl                                     
00007b1d  ltoa                                       
000059cd  main                                       
200008a8  main_func_sp                               
00007db7  memccpy                                    
000076d5  memcpy                                     
00007885  memset                                     
000079e5  printf                                     
00000531  put_fat                                    
0000752d  scalbn                                     
0000752d  scalbnl                                    
00008294  spiMasterConfig                            
00005913  spi_Open                                   
00007d99  strcat                                     
00007e1d  strchr                                     
00007e05  strcmp                                     
00007e5d  strcpy                                     
00007e71  strlen                                     
00007d3b  strncpy                                    
00008234  uartConfig                                 


GLOBAL SYMBOLS: SORTED BY Symbol Address 

address   name                                       
-------   ----                                       
00000000  __TI_static_base__                         
00000000  interruptVectors                           
00000200  __STACK_SIZE                               
000003dd  clust2sect                                 
0000040d  get_fat                                    
00000531  put_fat                                    
0000175b  f_mount                                    
000017b1  f_open                                     
000019c5  f_read                                     
00001c19  f_write                                    
00001ebd  f_sync                                     
00001fb9  f_close                                    
00001fd9  f_lseek                                    
00002227  f_opendir                                  
000022d7  f_readdir                                  
00002363  f_stat                                     
000023b3  f_getfree                                  
00002515  f_truncate                                 
00002609  f_unlink                                   
0000270b  f_mkdir                                    
000028f1  f_chmod                                    
00002981  f_utime                                    
00002a05  f_rename                                   
00003967  __TI_printfi                               
00003ee9  CS_setExternalClockSourceFrequency         
00003f25  CS_initClockSignal                         
00004029  CS_startHFXT                               
0000404d  CS_startHFXTWithTimeout                    
00004105  CS_startLFXT                               
00004129  CS_startLFXTWithTimeout                    
000041dd  CS_enableClockRequest                      
000041ff  CS_disableClockRequest                     
0000422d  CS_setReferenceOscillatorFrequency         
0000424f  CS_enableDCOExternalResistor               
00004269  CS_setDCOExternalResistorCalibration       
00004279  CS_disableDCOExternalResistor              
00004299  CS_setDCOCenteredFrequency                 
000042cd  CS_tuneDCOFrequency                        
00004325  CS_getDCOFrequency                         
000043f9  CS_setDCOFrequency                         
00004525  CS_getBCLK                                 
00004541  CS_getHSMCLK                               
0000456d  CS_getACLK                                 
00004599  CS_getSMCLK                                
000045c1  CS_getMCLK                                 
000045e3  CS_enableFaultCounter                      
0000460f  CS_disableFaultCounter                     
0000463b  CS_resetFaultCounter                       
00004679  CS_startFaultCounter                       
000046bd  CS_enableInterrupt                         
000046df  CS_disableInterrupt                        
00004701  CS_getInterruptStatus                      
00004707  CS_getEnabledInterruptStatus               
00004729  CS_clearInterruptFlag                      
00004755  CS_registerInterrupt                       
00004771  CS_unregisterInterrupt                     
000047f5  SPI_initMaster                             
000048a5  SPI_selectFourPinFunctionality             
000048cb  SPI_changeMasterClock                      
000048f3  SPI_initSlave                              
00004971  SPI_changeClockPhasePolarity               
000049a1  SPI_transmitData                           
000049c7  SPI_receiveData                            
000049e3  SPI_enableModule                           
000049ff  SPI_disableModule                          
00004a1b  SPI_getReceiveBufferAddressForDMA          
00004a37  SPI_getTransmitBufferAddressForDMA         
00004a59  SPI_isBusy                                 
00004a81  SPI_enableInterrupt                        
00004aa7  SPI_disableInterrupt                       
00004acd  SPI_getInterruptStatus                     
00004af5  SPI_getEnabledInterruptStatus              
00004b25  SPI_clearInterruptFlag                     
00004b4b  SPI_registerInterrupt                      
00004c09  SPI_unregisterInterrupt                    
00004cb5  EUSCI_B_SPI_select4PinFunctionality        
00004cd5  EUSCI_B_SPI_masterChangeClock              
00004d07  EUSCI_B_SPI_slaveInit                      
00004d51  EUSCI_B_SPI_changeClockPhasePolarity       
00004d93  EUSCI_B_SPI_transmitData                   
00004da9  EUSCI_B_SPI_receiveData                    
00004db9  EUSCI_B_SPI_enableInterrupt                
00004dd3  EUSCI_B_SPI_disableInterrupt               
00004ded  EUSCI_B_SPI_getInterruptStatus             
00004e05  EUSCI_B_SPI_clearInterruptFlag             
00004e1f  EUSCI_B_SPI_enable                         
00004e35  EUSCI_B_SPI_disable                        
00004e4b  EUSCI_B_SPI_getReceiveBufferAddressForDMA  
00004e59  EUSCI_B_SPI_getTransmitBufferAddressForDMA 
00004e67  EUSCI_B_SPI_isBusy                         
00004e7f  EUSCI_A_SPI_select4PinFunctionality        
00004e9f  EUSCI_A_SPI_masterChangeClock              
00004ed5  EUSCI_A_SPI_slaveInit                      
00004f1f  EUSCI_A_SPI_changeClockPhasePolarity       
00004f61  EUSCI_A_SPI_transmitData                   
00004f77  EUSCI_A_SPI_receiveData                    
00004f87  EUSCI_A_SPI_enableInterrupt                
00004fa1  EUSCI_A_SPI_disableInterrupt               
00004fbb  EUSCI_A_SPI_getInterruptStatus             
00004fd3  EUSCI_A_SPI_clearInterruptFlag             
00004fed  EUSCI_A_SPI_enable                         
00005003  EUSCI_A_SPI_disable                        
00005019  EUSCI_A_SPI_getReceiveBufferAddressForDMA  
00005027  EUSCI_A_SPI_getTransmitBufferAddressForDMA 
00005035  EUSCI_A_SPI_isBusy                         
00005319  disk_initialize                            
000054bd  disk_status                                
000054d7  disk_read                                  
00005587  disk_write                                 
00005679  disk_ioctl                                 
0000587b  disk_timerproc                             
000058bf  get_fattime                                
000058d5  StringFromFResult                          
00005913  spi_Open                                   
00005941  SysTick_ISR                                
00005951  EusciA0_ISR                                
000059cd  main                                       
00005b8d  Cmd_help                                   
00005c0d  Cmd_ls                                     
00005e65  Cmd_cd                                     
00005f51  Cmd_pwd                                    
00005fd7  Cmd_cat                                    
000060dd  GPIO_setAsOutputPin                        
00006117  GPIO_setAsInputPin                         
0000615d  GPIO_setAsPeripheralModuleFunctionOutputPin
000061e1  GPIO_setAsPeripheralModuleFunctionInputPin 
00006265  GPIO_setOutputHighOnPin                    
00006287  GPIO_setOutputLowOnPin                     
000062a9  GPIO_toggleOutputOnPin                     
000062cb  GPIO_setAsInputPinWithPullDownResistor     
0000631d  GPIO_setAsInputPinWithPullUpResistor       
0000636f  GPIO_getInputPinValue                      
000063a5  GPIO_enableInterrupt                       
000063c7  GPIO_disableInterrupt                      
000063e9  GPIO_getInterruptStatus                    
00006407  GPIO_clearInterruptFlag                    
00006429  GPIO_interruptEdgeSelect                   
0000645f  GPIO_getEnabledInterruptStatus             
000064db  GPIO_setDriveStrengthHigh                  
000064fd  GPIO_setDriveStrengthLow                   
0000651f  GPIO_registerInterrupt                     
0000653f  GPIO_unregisterInterrupt                   
00006565  UART_initModule                            
0000664d  UART_transmitData                          
00006677  UART_receiveData                           
0000669d  UART_enableModule                          
000066b3  UART_disableModule                         
000066c9  UART_queryStatusFlags                      
000066dd  UART_setDormant                            
000066f1  UART_resetDormant                          
00006705  UART_transmitAddress                       
00006723  UART_transmitBreak                         
00006769  UART_getReceiveBufferAddressForDMA         
00006777  UART_getTransmitBufferAddressForDMA        
00006785  UART_selectDeglitchTime                    
000067a1  UART_enableInterrupt                       
000067d9  UART_disableInterrupt                      
00006811  UART_getInterruptStatus                    
0000682d  UART_getEnabledInterruptStatus             
00006889  UART_clearInterruptFlag                    
000068a9  UART_registerInterrupt                     
00006925  UART_unregisterInterrupt                   
00006993  Interrupt_enableMaster                     
000069a3  Interrupt_disableMaster                    
000069b3  Interrupt_registerInterrupt                
00006a05  Interrupt_unregisterInterrupt              
00006a19  Interrupt_setPriorityGrouping              
00006a33  Interrupt_getPriorityGrouping              
00006a6b  Interrupt_setPriority                      
00006abb  Interrupt_getPriority                      
00006ae1  Interrupt_enableInterrupt                  
00006b53  Interrupt_disableInterrupt                 
00006bc5  Interrupt_isEnabled                        
00006c51  Interrupt_pendInterrupt                    
00006cc1  Interrupt_unpendInterrupt                  
00006d0f  Interrupt_setPriorityMask                  
00006d1f  Interrupt_getPriorityMask                  
00006d29  Interrupt_setVectorTableAddress            
00006d39  Interrupt_getVectorTableAddress            
00006d3f  Interrupt_enableSleepOnIsrExit             
00006d51  Interrupt_disableSleepOnIsrExit            
00006d81  __aeabi_uldivmod                           
00006f75  SysCtl_getSRAMSize                         
00006f7b  SysCtl_getFlashSize                        
00006f81  SysCtl_disableNMISource                    
00006f95  SysCtl_enableNMISource                     
00006fa9  SysCtl_getNMISourceStatus                  
00006faf  SysCtl_enableSRAMBank                      
00006fcd  SysCtl_disableSRAMBank                     
00007037  SysCtl_enableSRAMBankRetention             
00007055  SysCtl_disableSRAMBankRetention            
00007073  SysCtl_rebootDevice                        
0000707d  SysCtl_enablePeripheralAtCPUHalt           
00007091  SysCtl_disablePeripheralAtCPUHalt          
000070a5  SysCtl_setWDTTimeoutResetType              
000070c9  SysCtl_setWDTPasswordViolationResetType    
000070ed  SysCtl_enableGlitchFilter                  
000070f9  SysCtl_disableGlitchFilter                 
00007105  SysCtl_getTempCalibrationConstant          
00007145  __aeabi_dsub                               
0000714f  __aeabi_dadd                               
000072fb  __aeabi_ddiv                               
00007431  __aeabi_dmul                               
0000752d  ldexp                                      
0000752d  ldexpl                                     
0000752d  scalbn                                     
0000752d  scalbnl                                    
00007629  CmdLineProcess                             
000076d5  __aeabi_memcpy                             
000076d5  __aeabi_memcpy4                            
000076d5  __aeabi_memcpy8                            
000076d5  memcpy                                     
00007771  __aeabi_cdcmpeq                            
00007771  __aeabi_cdcmple                            
000077f7  __aeabi_cdrcmple                           
0000787d  __aeabi_memclr                             
0000787d  __aeabi_memclr4                            
0000787d  __aeabi_memclr8                            
0000787f  __aeabi_memset                             
0000787f  __aeabi_memset4                            
0000787f  __aeabi_memset8                            
00007885  memset                                     
000078f7  __mpu_init                                 
000078f9  SysTick_enableModule                       
00007905  SysTick_disableModule                      
00007911  SysTick_registerInterrupt                  
0000791f  SysTick_unregisterInterrupt                
00007929  SysTick_enableInterrupt                    
00007935  SysTick_disableInterrupt                   
00007941  SysTick_setPeriod                          
00007953  SysTick_getPeriod                          
0000795b  SysTick_getValue                           
0000796d  __TI_auto_init                             
000079e5  printf                                     
00007ab7  _system_post_cinit                         
00007ab9  frexp                                      
00007ab9  frexpl                                     
00007b1d  ltoa                                       
00007b75  _c_int00                                   
00007bc9  C$$EXIT                                    
00007bcd  abort                                      
00007bd5  exit                                       
00007c1d  atoi                                       
00007c69  copy_in                                    
00007cb5  __aeabi_d2iz                               
00007cfd  CPU_cpsid                                  
00007d09  CPU_primask                                
00007d13  CPU_cpsie                                  
00007d1f  CPU_wfi                                    
00007d23  CPU_basepriSet                             
00007d31  CPU_basepriGet                             
00007d3b  strncpy                                    
00007d6b  __aeabi_i2d                                
00007d99  strcat                                     
00007db7  memccpy                                    
00007dd3  fputc                                      
00007ddf  fputs                                      
00007ded  _args_main                                 
00007e05  strcmp                                     
00007e1d  strchr                                     
00007e35  _register_unlock                           
00007e3b  _register_lock                             
00007e43  _nop                                       
00007e49  copysign                                   
00007e49  copysignl                                  
00007e5d  strcpy                                     
00007e71  strlen                                     
00007e85  __TI_decompress_none                       
00007e9f  __TI_decompress_rle24                      
00007ea5  _system_pre_init                           
000080b2  _ctypes_                                   
00008234  uartConfig                                 
00008294  spiMasterConfig                            
00008424  __TI_Handler_Table_Base                    
0000842c  __TI_CINIT_Base                            
0000842c  __TI_Handler_Table_Limit                   
00008444  __TI_CINIT_Limit                           
20000000  g_pfnRAMVectors                            
20000638  _ftable                                    
20000728  g_psFResultStrings                         
200007c8  g_psCmdTable                               
20000884  __TI_cleanup_ptr                           
20000888  __TI_dtors_ptr                             
2000088c  __TI_enable_exit_profile_output            
20000890  gucCommandReady                            
2000089c  _lock                                      
200008a0  _unlock                                    
200008a4  errno                                      
200008a8  main_func_sp                               
2000fe00  __stack                                    
20010000  __STACK_END                                
4000480c  WDTCTL_SYM                                 
ffffffff  __TI_pprof_out_hndl                        
ffffffff  __TI_prof_data_size                        
ffffffff  __TI_prof_data_start                       
ffffffff  __binit__                                  
ffffffff  __c_args__                                 
ffffffff  binit                                      
UNDEFED   SHT$$INIT_ARRAY$$Base                      
UNDEFED   SHT$$INIT_ARRAY$$Limit                     

[300 symbols]
